TimeQuest Timing Analyzer report for uc
Thu May 18 23:47:57 2017
Quartus II 64-Bit Version 13.1.0 Build 162 10/23/2013 SJ Web Edition


---------------------
; Table of Contents ;
---------------------
  1. Legal Notice
  2. TimeQuest Timing Analyzer Summary
  3. Parallel Compilation
  4. Clocks
  5. Fmax Summary
  6. Setup Summary
  7. Hold Summary
  8. Recovery Summary
  9. Removal Summary
 10. Minimum Pulse Width Summary
 11. Setup: 'clk'
 12. Hold: 'clk'
 13. Minimum Pulse Width: 'clk'
 14. Setup Times
 15. Hold Times
 16. Clock to Output Times
 17. Minimum Clock to Output Times
 18. Setup Transfers
 19. Hold Transfers
 20. Report TCCS
 21. Report RSKM
 22. Unconstrained Paths
 23. TimeQuest Timing Analyzer Messages



----------------
; Legal Notice ;
----------------
Copyright (C) 1991-2013 Altera Corporation
Your use of Altera Corporation's design tools, logic functions 
and other software and tools, and its AMPP partner logic 
functions, and any output files from any of the foregoing 
(including device programming or simulation files), and any 
associated documentation or information are expressly subject 
to the terms and conditions of the Altera Program License 
Subscription Agreement, Altera MegaCore Function License 
Agreement, or other applicable license agreement, including, 
without limitation, that your use is for the sole purpose of 
programming logic devices manufactured by Altera and sold by 
Altera or its authorized distributors.  Please refer to the 
applicable agreement for further details.



+-------------------------------------------------------------------------+
; TimeQuest Timing Analyzer Summary                                       ;
+--------------------+----------------------------------------------------+
; Quartus II Version ; Version 13.1.0 Build 162 10/23/2013 SJ Web Edition ;
; Revision Name      ; uc                                                 ;
; Device Family      ; MAX V                                              ;
; Device Name        ; 5M2210ZF256C4                                      ;
; Timing Models      ; Final                                              ;
; Delay Model        ; Slow Model                                         ;
; Rise/Fall Delays   ; Unavailable                                        ;
+--------------------+----------------------------------------------------+


Parallel compilation was disabled, but you have multiple processors available. Enable parallel compilation to reduce compilation time.
+-------------------------------------+
; Parallel Compilation                ;
+----------------------------+--------+
; Processors                 ; Number ;
+----------------------------+--------+
; Number detected on machine ; 8      ;
; Maximum allowed            ; 1      ;
+----------------------------+--------+


+---------------------------------------------------------------------------------------------------------------------------------------------------------------------------------+
; Clocks                                                                                                                                                                          ;
+------------+------+--------+------------+-------+-------+------------+-----------+-------------+-------+--------+-----------+------------+----------+--------+--------+---------+
; Clock Name ; Type ; Period ; Frequency  ; Rise  ; Fall  ; Duty Cycle ; Divide by ; Multiply by ; Phase ; Offset ; Edge List ; Edge Shift ; Inverted ; Master ; Source ; Targets ;
+------------+------+--------+------------+-------+-------+------------+-----------+-------------+-------+--------+-----------+------------+----------+--------+--------+---------+
; clk        ; Base ; 1.000  ; 1000.0 MHz ; 0.000 ; 0.500 ;            ;           ;             ;       ;        ;           ;            ;          ;        ;        ; { clk } ;
+------------+------+--------+------------+-------+-------+------------+-----------+-------------+-------+--------+-----------+------------+----------+--------+--------+---------+


+-------------------------------------------------+
; Fmax Summary                                    ;
+-----------+-----------------+------------+------+
; Fmax      ; Restricted Fmax ; Clock Name ; Note ;
+-----------+-----------------+------------+------+
; 68.86 MHz ; 68.86 MHz       ; clk        ;      ;
+-----------+-----------------+------------+------+
This panel reports FMAX for every clock in the design, regardless of the user-specified clock periods.  FMAX is only computed for paths where the source and destination registers or ports are driven by the same clock.  Paths of different clocks, including generated clocks, are ignored.  For paths between a clock and its inversion, FMAX is computed as if the rising and falling edges are scaled along with FMAX, such that the duty cycle (in terms of a percentage) is maintained. Altera recommends that you always use clock constraints and other slack reports for sign-off analysis.


+---------------------------------+
; Setup Summary                   ;
+-------+---------+---------------+
; Clock ; Slack   ; End Point TNS ;
+-------+---------+---------------+
; clk   ; -13.523 ; -3741.891     ;
+-------+---------+---------------+


+-------------------------------+
; Hold Summary                  ;
+-------+-------+---------------+
; Clock ; Slack ; End Point TNS ;
+-------+-------+---------------+
; clk   ; 1.130 ; 0.000         ;
+-------+-------+---------------+


--------------------
; Recovery Summary ;
--------------------
No paths to report.


-------------------
; Removal Summary ;
-------------------
No paths to report.


+--------------------------------+
; Minimum Pulse Width Summary    ;
+-------+--------+---------------+
; Clock ; Slack  ; End Point TNS ;
+-------+--------+---------------+
; clk   ; -2.289 ; -2.289        ;
+-------+--------+---------------+


+-------------------------------------------------------------------------------------------------------------------------------------------------+
; Setup: 'clk'                                                                                                                                    ;
+---------+--------------------------------+--------------------------------+--------------+-------------+--------------+------------+------------+
; Slack   ; From Node                      ; To Node                        ; Launch Clock ; Latch Clock ; Relationship ; Clock Skew ; Data Delay ;
+---------+--------------------------------+--------------------------------+--------------+-------------+--------------+------------+------------+
; -13.523 ; DIVMULT:dm|Div:d|Divisor[3]    ; DIVMULT:dm|Div:d|Remainder[46] ; clk          ; clk         ; 1.000        ; 0.000      ; 14.252     ;
; -13.413 ; DIVMULT:dm|Div:d|Divisor[5]    ; DIVMULT:dm|Div:d|Remainder[46] ; clk          ; clk         ; 1.000        ; 0.000      ; 14.142     ;
; -13.385 ; DIVMULT:dm|Div:d|Remainder[3]  ; DIVMULT:dm|Div:d|Remainder[46] ; clk          ; clk         ; 1.000        ; 0.000      ; 14.114     ;
; -13.384 ; DIVMULT:dm|Div:d|Remainder[4]  ; DIVMULT:dm|Div:d|Remainder[46] ; clk          ; clk         ; 1.000        ; 0.000      ; 14.113     ;
; -13.382 ; DIVMULT:dm|Div:d|Divisor[25]   ; DIVMULT:dm|Div:d|Remainder[46] ; clk          ; clk         ; 1.000        ; 0.000      ; 14.111     ;
; -13.242 ; DIVMULT:dm|Div:d|Remainder[7]  ; DIVMULT:dm|Div:d|Remainder[46] ; clk          ; clk         ; 1.000        ; 0.000      ; 13.971     ;
; -13.238 ; DIVMULT:dm|Div:d|Remainder[12] ; DIVMULT:dm|Div:d|Remainder[46] ; clk          ; clk         ; 1.000        ; 0.000      ; 13.967     ;
; -13.227 ; DIVMULT:dm|Div:d|Remainder[6]  ; DIVMULT:dm|Div:d|Remainder[46] ; clk          ; clk         ; 1.000        ; 0.000      ; 13.956     ;
; -13.227 ; DIVMULT:dm|Div:d|Remainder[10] ; DIVMULT:dm|Div:d|Remainder[46] ; clk          ; clk         ; 1.000        ; 0.000      ; 13.956     ;
; -13.189 ; DIVMULT:dm|Div:d|Divisor[7]    ; DIVMULT:dm|Div:d|Remainder[46] ; clk          ; clk         ; 1.000        ; 0.000      ; 13.918     ;
; -13.182 ; DIVMULT:dm|Div:d|Divisor[4]    ; DIVMULT:dm|Div:d|Remainder[46] ; clk          ; clk         ; 1.000        ; 0.000      ; 13.911     ;
; -13.170 ; DIVMULT:dm|Div:d|Divisor[8]    ; DIVMULT:dm|Div:d|Remainder[46] ; clk          ; clk         ; 1.000        ; 0.000      ; 13.899     ;
; -13.164 ; DIVMULT:dm|Div:d|Remainder[9]  ; DIVMULT:dm|Div:d|Remainder[46] ; clk          ; clk         ; 1.000        ; 0.000      ; 13.893     ;
; -13.032 ; DIVMULT:dm|Div:d|Remainder[8]  ; DIVMULT:dm|Div:d|Remainder[46] ; clk          ; clk         ; 1.000        ; 0.000      ; 13.761     ;
; -13.009 ; DIVMULT:dm|Div:d|Remainder[15] ; DIVMULT:dm|Div:d|Remainder[46] ; clk          ; clk         ; 1.000        ; 0.000      ; 13.738     ;
; -12.975 ; DIVMULT:dm|Div:d|Remainder[2]  ; DIVMULT:dm|Div:d|Remainder[46] ; clk          ; clk         ; 1.000        ; 0.000      ; 13.704     ;
; -12.973 ; DIVMULT:dm|Div:d|Remainder[13] ; DIVMULT:dm|Div:d|Remainder[46] ; clk          ; clk         ; 1.000        ; 0.000      ; 13.702     ;
; -12.964 ; DIVMULT:dm|Div:d|Divisor[6]    ; DIVMULT:dm|Div:d|Remainder[46] ; clk          ; clk         ; 1.000        ; 0.000      ; 13.693     ;
; -12.944 ; DIVMULT:dm|Div:d|Divisor[3]    ; DIVMULT:dm|Div:d|Remainder[57] ; clk          ; clk         ; 1.000        ; 0.000      ; 13.673     ;
; -12.923 ; DIVMULT:dm|Div:d|Divisor[3]    ; DIVMULT:dm|Div:d|Remainder[44] ; clk          ; clk         ; 1.000        ; 0.000      ; 13.652     ;
; -12.916 ; DIVMULT:dm|Div:d|Divisor[13]   ; DIVMULT:dm|Div:d|Remainder[46] ; clk          ; clk         ; 1.000        ; 0.000      ; 13.645     ;
; -12.905 ; DIVMULT:dm|Div:d|Remainder[14] ; DIVMULT:dm|Div:d|Remainder[46] ; clk          ; clk         ; 1.000        ; 0.000      ; 13.634     ;
; -12.904 ; DIVMULT:dm|Div:d|Remainder[0]  ; DIVMULT:dm|Div:d|Remainder[46] ; clk          ; clk         ; 1.000        ; 0.000      ; 13.633     ;
; -12.889 ; DIVMULT:dm|Div:d|Remainder[11] ; DIVMULT:dm|Div:d|Remainder[46] ; clk          ; clk         ; 1.000        ; 0.000      ; 13.618     ;
; -12.871 ; DIVMULT:dm|Div:d|Divisor[12]   ; DIVMULT:dm|Div:d|Remainder[46] ; clk          ; clk         ; 1.000        ; 0.000      ; 13.600     ;
; -12.864 ; DIVMULT:dm|Div:d|Divisor[14]   ; DIVMULT:dm|Div:d|Remainder[46] ; clk          ; clk         ; 1.000        ; 0.000      ; 13.593     ;
; -12.857 ; DIVMULT:dm|Div:d|Divisor[3]    ; DIVMULT:dm|Div:d|Remainder[51] ; clk          ; clk         ; 1.000        ; 0.000      ; 13.586     ;
; -12.843 ; DIVMULT:dm|Div:d|Remainder[17] ; DIVMULT:dm|Div:d|Remainder[46] ; clk          ; clk         ; 1.000        ; 0.000      ; 13.572     ;
; -12.843 ; DIVMULT:dm|Div:d|Divisor[11]   ; DIVMULT:dm|Div:d|Remainder[46] ; clk          ; clk         ; 1.000        ; 0.000      ; 13.572     ;
; -12.839 ; DIVMULT:dm|Div:d|Divisor[3]    ; DIVMULT:dm|Div:d|Remainder[41] ; clk          ; clk         ; 1.000        ; 0.000      ; 13.568     ;
; -12.834 ; DIVMULT:dm|Div:d|Divisor[5]    ; DIVMULT:dm|Div:d|Remainder[57] ; clk          ; clk         ; 1.000        ; 0.000      ; 13.563     ;
; -12.816 ; DIVMULT:dm|Div:d|Divisor[10]   ; DIVMULT:dm|Div:d|Remainder[46] ; clk          ; clk         ; 1.000        ; 0.000      ; 13.545     ;
; -12.814 ; DIVMULT:dm|Div:d|Divisor[3]    ; DIVMULT:dm|Div:d|Remainder[56] ; clk          ; clk         ; 1.000        ; 0.000      ; 13.543     ;
; -12.813 ; DIVMULT:dm|Div:d|Divisor[5]    ; DIVMULT:dm|Div:d|Remainder[44] ; clk          ; clk         ; 1.000        ; 0.000      ; 13.542     ;
; -12.806 ; DIVMULT:dm|Div:d|Remainder[3]  ; DIVMULT:dm|Div:d|Remainder[57] ; clk          ; clk         ; 1.000        ; 0.000      ; 13.535     ;
; -12.805 ; DIVMULT:dm|Div:d|Remainder[4]  ; DIVMULT:dm|Div:d|Remainder[57] ; clk          ; clk         ; 1.000        ; 0.000      ; 13.534     ;
; -12.803 ; DIVMULT:dm|Div:d|Divisor[25]   ; DIVMULT:dm|Div:d|Remainder[57] ; clk          ; clk         ; 1.000        ; 0.000      ; 13.532     ;
; -12.785 ; DIVMULT:dm|Div:d|Divisor[9]    ; DIVMULT:dm|Div:d|Remainder[46] ; clk          ; clk         ; 1.000        ; 0.000      ; 13.514     ;
; -12.785 ; DIVMULT:dm|Div:d|Remainder[3]  ; DIVMULT:dm|Div:d|Remainder[44] ; clk          ; clk         ; 1.000        ; 0.000      ; 13.514     ;
; -12.784 ; DIVMULT:dm|Div:d|Remainder[4]  ; DIVMULT:dm|Div:d|Remainder[44] ; clk          ; clk         ; 1.000        ; 0.000      ; 13.513     ;
; -12.782 ; DIVMULT:dm|Div:d|Divisor[25]   ; DIVMULT:dm|Div:d|Remainder[44] ; clk          ; clk         ; 1.000        ; 0.000      ; 13.511     ;
; -12.773 ; DIVMULT:dm|Div:d|Remainder[16] ; DIVMULT:dm|Div:d|Remainder[46] ; clk          ; clk         ; 1.000        ; 0.000      ; 13.502     ;
; -12.772 ; DIVMULT:dm|Div:d|Divisor[1]    ; DIVMULT:dm|Div:d|Remainder[46] ; clk          ; clk         ; 1.000        ; 0.000      ; 13.501     ;
; -12.751 ; DIVMULT:dm|Div:d|Divisor[3]    ; DIVMULT:dm|Div:d|Remainder[43] ; clk          ; clk         ; 1.000        ; 0.000      ; 13.480     ;
; -12.747 ; DIVMULT:dm|Div:d|Divisor[5]    ; DIVMULT:dm|Div:d|Remainder[51] ; clk          ; clk         ; 1.000        ; 0.000      ; 13.476     ;
; -12.729 ; DIVMULT:dm|Div:d|Divisor[5]    ; DIVMULT:dm|Div:d|Remainder[41] ; clk          ; clk         ; 1.000        ; 0.000      ; 13.458     ;
; -12.719 ; DIVMULT:dm|Div:d|Remainder[3]  ; DIVMULT:dm|Div:d|Remainder[51] ; clk          ; clk         ; 1.000        ; 0.000      ; 13.448     ;
; -12.718 ; DIVMULT:dm|Div:d|Remainder[4]  ; DIVMULT:dm|Div:d|Remainder[51] ; clk          ; clk         ; 1.000        ; 0.000      ; 13.447     ;
; -12.717 ; DIVMULT:dm|Div:d|Remainder[18] ; DIVMULT:dm|Div:d|Remainder[46] ; clk          ; clk         ; 1.000        ; 0.000      ; 13.446     ;
; -12.716 ; DIVMULT:dm|Div:d|Divisor[25]   ; DIVMULT:dm|Div:d|Remainder[51] ; clk          ; clk         ; 1.000        ; 0.000      ; 13.445     ;
; -12.704 ; DIVMULT:dm|Div:d|Divisor[5]    ; DIVMULT:dm|Div:d|Remainder[56] ; clk          ; clk         ; 1.000        ; 0.000      ; 13.433     ;
; -12.703 ; DIVMULT:dm|Div:d|Divisor[19]   ; DIVMULT:dm|Div:d|Remainder[46] ; clk          ; clk         ; 1.000        ; 0.000      ; 13.432     ;
; -12.701 ; DIVMULT:dm|Div:d|Remainder[3]  ; DIVMULT:dm|Div:d|Remainder[41] ; clk          ; clk         ; 1.000        ; 0.000      ; 13.430     ;
; -12.700 ; DIVMULT:dm|Div:d|Remainder[4]  ; DIVMULT:dm|Div:d|Remainder[41] ; clk          ; clk         ; 1.000        ; 0.000      ; 13.429     ;
; -12.698 ; DIVMULT:dm|Div:d|Divisor[25]   ; DIVMULT:dm|Div:d|Remainder[41] ; clk          ; clk         ; 1.000        ; 0.000      ; 13.427     ;
; -12.676 ; DIVMULT:dm|Div:d|Remainder[3]  ; DIVMULT:dm|Div:d|Remainder[56] ; clk          ; clk         ; 1.000        ; 0.000      ; 13.405     ;
; -12.675 ; DIVMULT:dm|Div:d|Remainder[4]  ; DIVMULT:dm|Div:d|Remainder[56] ; clk          ; clk         ; 1.000        ; 0.000      ; 13.404     ;
; -12.673 ; DIVMULT:dm|Div:d|Divisor[25]   ; DIVMULT:dm|Div:d|Remainder[56] ; clk          ; clk         ; 1.000        ; 0.000      ; 13.402     ;
; -12.663 ; DIVMULT:dm|Div:d|Remainder[7]  ; DIVMULT:dm|Div:d|Remainder[57] ; clk          ; clk         ; 1.000        ; 0.000      ; 13.392     ;
; -12.660 ; DIVMULT:dm|Div:d|Divisor[3]    ; DIVMULT:dm|Div:d|Remainder[53] ; clk          ; clk         ; 1.000        ; 0.000      ; 13.389     ;
; -12.659 ; DIVMULT:dm|Div:d|Remainder[12] ; DIVMULT:dm|Div:d|Remainder[57] ; clk          ; clk         ; 1.000        ; 0.000      ; 13.388     ;
; -12.648 ; DIVMULT:dm|Div:d|Remainder[6]  ; DIVMULT:dm|Div:d|Remainder[57] ; clk          ; clk         ; 1.000        ; 0.000      ; 13.377     ;
; -12.648 ; DIVMULT:dm|Div:d|Remainder[10] ; DIVMULT:dm|Div:d|Remainder[57] ; clk          ; clk         ; 1.000        ; 0.000      ; 13.377     ;
; -12.642 ; DIVMULT:dm|Div:d|Remainder[7]  ; DIVMULT:dm|Div:d|Remainder[44] ; clk          ; clk         ; 1.000        ; 0.000      ; 13.371     ;
; -12.641 ; DIVMULT:dm|Div:d|Divisor[17]   ; DIVMULT:dm|Div:d|Remainder[46] ; clk          ; clk         ; 1.000        ; 0.000      ; 13.370     ;
; -12.641 ; DIVMULT:dm|Div:d|Divisor[5]    ; DIVMULT:dm|Div:d|Remainder[43] ; clk          ; clk         ; 1.000        ; 0.000      ; 13.370     ;
; -12.638 ; DIVMULT:dm|Div:d|Remainder[12] ; DIVMULT:dm|Div:d|Remainder[44] ; clk          ; clk         ; 1.000        ; 0.000      ; 13.367     ;
; -12.636 ; DIVMULT:dm|Div:d|Divisor[36]   ; DIVMULT:dm|Div:d|Remainder[46] ; clk          ; clk         ; 1.000        ; 0.000      ; 13.365     ;
; -12.630 ; DIVMULT:dm|Div:d|Divisor[22]   ; DIVMULT:dm|Div:d|Remainder[46] ; clk          ; clk         ; 1.000        ; 0.000      ; 13.359     ;
; -12.627 ; DIVMULT:dm|Div:d|Remainder[6]  ; DIVMULT:dm|Div:d|Remainder[44] ; clk          ; clk         ; 1.000        ; 0.000      ; 13.356     ;
; -12.627 ; DIVMULT:dm|Div:d|Remainder[10] ; DIVMULT:dm|Div:d|Remainder[44] ; clk          ; clk         ; 1.000        ; 0.000      ; 13.356     ;
; -12.622 ; DIVMULT:dm|Div:d|Remainder[1]  ; DIVMULT:dm|Div:d|Remainder[46] ; clk          ; clk         ; 1.000        ; 0.000      ; 13.351     ;
; -12.613 ; DIVMULT:dm|Div:d|Remainder[3]  ; DIVMULT:dm|Div:d|Remainder[43] ; clk          ; clk         ; 1.000        ; 0.000      ; 13.342     ;
; -12.612 ; DIVMULT:dm|Div:d|Remainder[4]  ; DIVMULT:dm|Div:d|Remainder[43] ; clk          ; clk         ; 1.000        ; 0.000      ; 13.341     ;
; -12.610 ; DIVMULT:dm|Div:d|Divisor[25]   ; DIVMULT:dm|Div:d|Remainder[43] ; clk          ; clk         ; 1.000        ; 0.000      ; 13.339     ;
; -12.610 ; DIVMULT:dm|Div:d|Divisor[7]    ; DIVMULT:dm|Div:d|Remainder[57] ; clk          ; clk         ; 1.000        ; 0.000      ; 13.339     ;
; -12.607 ; DIVMULT:dm|Div:d|Divisor[16]   ; DIVMULT:dm|Div:d|Remainder[46] ; clk          ; clk         ; 1.000        ; 0.000      ; 13.336     ;
; -12.605 ; DIVMULT:dm|Div:d|Divisor[18]   ; DIVMULT:dm|Div:d|Remainder[46] ; clk          ; clk         ; 1.000        ; 0.000      ; 13.334     ;
; -12.603 ; DIVMULT:dm|Div:d|Divisor[4]    ; DIVMULT:dm|Div:d|Remainder[57] ; clk          ; clk         ; 1.000        ; 0.000      ; 13.332     ;
; -12.602 ; DIVMULT:dm|Div:d|Divisor[3]    ; DIVMULT:dm|Div:d|Remainder[60] ; clk          ; clk         ; 1.000        ; 0.000      ; 13.331     ;
; -12.591 ; DIVMULT:dm|Div:d|Divisor[8]    ; DIVMULT:dm|Div:d|Remainder[57] ; clk          ; clk         ; 1.000        ; 0.000      ; 13.320     ;
; -12.589 ; DIVMULT:dm|Div:d|Divisor[7]    ; DIVMULT:dm|Div:d|Remainder[44] ; clk          ; clk         ; 1.000        ; 0.000      ; 13.318     ;
; -12.585 ; DIVMULT:dm|Div:d|Remainder[9]  ; DIVMULT:dm|Div:d|Remainder[57] ; clk          ; clk         ; 1.000        ; 0.000      ; 13.314     ;
; -12.582 ; DIVMULT:dm|Div:d|Divisor[4]    ; DIVMULT:dm|Div:d|Remainder[44] ; clk          ; clk         ; 1.000        ; 0.000      ; 13.311     ;
; -12.579 ; DIVMULT:dm|Div:d|Divisor[20]   ; DIVMULT:dm|Div:d|Remainder[46] ; clk          ; clk         ; 1.000        ; 0.000      ; 13.308     ;
; -12.576 ; DIVMULT:dm|Div:d|Remainder[7]  ; DIVMULT:dm|Div:d|Remainder[51] ; clk          ; clk         ; 1.000        ; 0.000      ; 13.305     ;
; -12.572 ; DIVMULT:dm|Div:d|Remainder[12] ; DIVMULT:dm|Div:d|Remainder[51] ; clk          ; clk         ; 1.000        ; 0.000      ; 13.301     ;
; -12.571 ; DIVMULT:dm|Div:d|Divisor[3]    ; DIVMULT:dm|Div:d|Remainder[45] ; clk          ; clk         ; 1.000        ; 0.000      ; 13.300     ;
; -12.570 ; DIVMULT:dm|Div:d|Divisor[8]    ; DIVMULT:dm|Div:d|Remainder[44] ; clk          ; clk         ; 1.000        ; 0.000      ; 13.299     ;
; -12.564 ; DIVMULT:dm|Div:d|Remainder[9]  ; DIVMULT:dm|Div:d|Remainder[44] ; clk          ; clk         ; 1.000        ; 0.000      ; 13.293     ;
; -12.562 ; DIVMULT:dm|Div:d|Divisor[3]    ; DIVMULT:dm|Div:d|Remainder[50] ; clk          ; clk         ; 1.000        ; 0.000      ; 13.291     ;
; -12.561 ; DIVMULT:dm|Div:d|Remainder[6]  ; DIVMULT:dm|Div:d|Remainder[51] ; clk          ; clk         ; 1.000        ; 0.000      ; 13.290     ;
; -12.561 ; DIVMULT:dm|Div:d|Remainder[10] ; DIVMULT:dm|Div:d|Remainder[51] ; clk          ; clk         ; 1.000        ; 0.000      ; 13.290     ;
; -12.558 ; DIVMULT:dm|Div:d|Remainder[7]  ; DIVMULT:dm|Div:d|Remainder[41] ; clk          ; clk         ; 1.000        ; 0.000      ; 13.287     ;
; -12.554 ; DIVMULT:dm|Div:d|Remainder[12] ; DIVMULT:dm|Div:d|Remainder[41] ; clk          ; clk         ; 1.000        ; 0.000      ; 13.283     ;
; -12.550 ; DIVMULT:dm|Div:d|Divisor[5]    ; DIVMULT:dm|Div:d|Remainder[53] ; clk          ; clk         ; 1.000        ; 0.000      ; 13.279     ;
; -12.543 ; DIVMULT:dm|Div:d|Remainder[6]  ; DIVMULT:dm|Div:d|Remainder[41] ; clk          ; clk         ; 1.000        ; 0.000      ; 13.272     ;
; -12.543 ; DIVMULT:dm|Div:d|Remainder[10] ; DIVMULT:dm|Div:d|Remainder[41] ; clk          ; clk         ; 1.000        ; 0.000      ; 13.272     ;
; -12.542 ; DIVMULT:dm|Div:d|Divisor[23]   ; DIVMULT:dm|Div:d|Remainder[46] ; clk          ; clk         ; 1.000        ; 0.000      ; 13.271     ;
; -12.533 ; DIVMULT:dm|Div:d|Remainder[7]  ; DIVMULT:dm|Div:d|Remainder[56] ; clk          ; clk         ; 1.000        ; 0.000      ; 13.262     ;
+---------+--------------------------------+--------------------------------+--------------+-------------+--------------+------------+------------+


+------------------------------------------------------------------------------------------------------------------------------------------------+
; Hold: 'clk'                                                                                                                                    ;
+-------+--------------------------------+---------------------------------+--------------+-------------+--------------+------------+------------+
; Slack ; From Node                      ; To Node                         ; Launch Clock ; Latch Clock ; Relationship ; Clock Skew ; Data Delay ;
+-------+--------------------------------+---------------------------------+--------------+-------------+--------------+------------+------------+
; 1.130 ; DIVMULT:dm|Div:d|Remainder[31] ; DIVMULT:dm|Div:d|HI[31]         ; clk          ; clk         ; 0.000        ; 0.000      ; 1.309      ;
; 1.131 ; DIVMULT:dm|Div:d|Remainder[28] ; DIVMULT:dm|Div:d|HI[28]         ; clk          ; clk         ; 0.000        ; 0.000      ; 1.310      ;
; 1.138 ; DIVMULT:dm|Div:d|Quotient[31]  ; DIVMULT:dm|Div:d|LO[31]         ; clk          ; clk         ; 0.000        ; 0.000      ; 1.317      ;
; 1.148 ; DIVMULT:dm|Div:d|Quotient[28]  ; DIVMULT:dm|Div:d|LO[28]         ; clk          ; clk         ; 0.000        ; 0.000      ; 1.327      ;
; 1.153 ; DIVMULT:dm|mult:m|PROD[57]     ; DIVMULT:dm|mult:m|HI[25]        ; clk          ; clk         ; 0.000        ; 0.000      ; 1.332      ;
; 1.153 ; DIVMULT:dm|mult:m|PROD[15]     ; DIVMULT:dm|mult:m|LO[15]        ; clk          ; clk         ; 0.000        ; 0.000      ; 1.332      ;
; 1.154 ; DIVMULT:dm|mult:m|PROD[29]     ; DIVMULT:dm|mult:m|LO[29]        ; clk          ; clk         ; 0.000        ; 0.000      ; 1.333      ;
; 1.155 ; DIVMULT:dm|mult:m|PROD[32]     ; DIVMULT:dm|mult:m|HI[0]         ; clk          ; clk         ; 0.000        ; 0.000      ; 1.334      ;
; 1.157 ; DIVMULT:dm|mult:m|PROD[53]     ; DIVMULT:dm|mult:m|HI[21]        ; clk          ; clk         ; 0.000        ; 0.000      ; 1.336      ;
; 1.160 ; DIVMULT:dm|mult:m|PROD[49]     ; DIVMULT:dm|mult:m|HI[17]        ; clk          ; clk         ; 0.000        ; 0.000      ; 1.339      ;
; 1.164 ; DIVMULT:dm|mult:m|PROD[4]      ; DIVMULT:dm|mult:m|LO[4]         ; clk          ; clk         ; 0.000        ; 0.000      ; 1.343      ;
; 1.164 ; DIVMULT:dm|mult:m|PROD[20]     ; DIVMULT:dm|mult:m|LO[20]        ; clk          ; clk         ; 0.000        ; 0.000      ; 1.343      ;
; 1.167 ; DIVMULT:dm|mult:m|PROD[27]     ; DIVMULT:dm|mult:m|LO[27]        ; clk          ; clk         ; 0.000        ; 0.000      ; 1.346      ;
; 1.182 ; DIVMULT:dm|Div:d|Quotient[13]  ; DIVMULT:dm|Div:d|LO[13]         ; clk          ; clk         ; 0.000        ; 0.000      ; 1.361      ;
; 1.332 ; DIVMULT:dm|mult:m|HI[15]       ; Registrador:RHI|Saida[15]       ; clk          ; clk         ; 0.000        ; 0.000      ; 1.511      ;
; 1.333 ; DIVMULT:dm|mult:m|HI[24]       ; Registrador:RHI|Saida[24]       ; clk          ; clk         ; 0.000        ; 0.000      ; 1.512      ;
; 1.335 ; DIVMULT:dm|mult:m|LO[23]       ; Registrador:RLO|Saida[23]       ; clk          ; clk         ; 0.000        ; 0.000      ; 1.514      ;
; 1.341 ; DIVMULT:dm|mult:m|MCAND[3]     ; DIVMULT:dm|mult:m|MCAND[4]      ; clk          ; clk         ; 0.000        ; 0.000      ; 1.520      ;
; 1.342 ; DIVMULT:dm|Div:d|Remainder[18] ; DIVMULT:dm|Div:d|HI[18]         ; clk          ; clk         ; 0.000        ; 0.000      ; 1.521      ;
; 1.342 ; DIVMULT:dm|mult:m|MCAND[14]    ; DIVMULT:dm|mult:m|MCAND[15]     ; clk          ; clk         ; 0.000        ; 0.000      ; 1.521      ;
; 1.343 ; DIVMULT:dm|mult:m|LO[11]       ; Registrador:RLO|Saida[11]       ; clk          ; clk         ; 0.000        ; 0.000      ; 1.522      ;
; 1.343 ; DIVMULT:dm|mult:m|MCAND[22]    ; DIVMULT:dm|mult:m|MCAND[23]     ; clk          ; clk         ; 0.000        ; 0.000      ; 1.522      ;
; 1.343 ; DIVMULT:dm|mult:m|MCAND[28]    ; DIVMULT:dm|mult:m|MCAND[29]     ; clk          ; clk         ; 0.000        ; 0.000      ; 1.522      ;
; 1.344 ; DIVMULT:dm|Div:d|Remainder[24] ; DIVMULT:dm|Div:d|HI[24]         ; clk          ; clk         ; 0.000        ; 0.000      ; 1.523      ;
; 1.345 ; DIVMULT:dm|mult:m|MCAND[4]     ; DIVMULT:dm|mult:m|MCAND[5]      ; clk          ; clk         ; 0.000        ; 0.000      ; 1.524      ;
; 1.346 ; DIVMULT:dm|mult:m|MCAND[23]    ; DIVMULT:dm|mult:m|MCAND[24]     ; clk          ; clk         ; 0.000        ; 0.000      ; 1.525      ;
; 1.347 ; DIVMULT:dm|Div:d|Remainder[0]  ; DIVMULT:dm|Div:d|Remainder[0]   ; clk          ; clk         ; 0.000        ; 0.000      ; 1.526      ;
; 1.348 ; DIVMULT:dm|Div:d|Divisor[5]    ; DIVMULT:dm|Div:d|Divisor[4]     ; clk          ; clk         ; 0.000        ; 0.000      ; 1.527      ;
; 1.348 ; DIVMULT:dm|mult:m|MCAND[42]    ; DIVMULT:dm|mult:m|MCAND[42]     ; clk          ; clk         ; 0.000        ; 0.000      ; 1.527      ;
; 1.348 ; DIVMULT:dm|mult:m|MCAND[59]    ; DIVMULT:dm|mult:m|MCAND[59]     ; clk          ; clk         ; 0.000        ; 0.000      ; 1.527      ;
; 1.348 ; DIVMULT:dm|mult:m|contador[0]  ; DIVMULT:dm|mult:m|contador[0]   ; clk          ; clk         ; 0.000        ; 0.000      ; 1.527      ;
; 1.349 ; DIVMULT:dm|Div:d|Divisor[28]   ; DIVMULT:dm|Div:d|Divisor[27]    ; clk          ; clk         ; 0.000        ; 0.000      ; 1.528      ;
; 1.349 ; DIVMULT:dm|mult:m|MCAND[32]    ; DIVMULT:dm|mult:m|MCAND[32]     ; clk          ; clk         ; 0.000        ; 0.000      ; 1.528      ;
; 1.351 ; DIVMULT:dm|mult:m|MCAND[32]    ; DIVMULT:dm|mult:m|MCAND[33]     ; clk          ; clk         ; 0.000        ; 0.000      ; 1.530      ;
; 1.352 ; DIVMULT:dm|mult:m|MCAND[42]    ; DIVMULT:dm|mult:m|MCAND[43]     ; clk          ; clk         ; 0.000        ; 0.000      ; 1.531      ;
; 1.352 ; DIVMULT:dm|mult:m|MCAND[59]    ; DIVMULT:dm|mult:m|MCAND[60]     ; clk          ; clk         ; 0.000        ; 0.000      ; 1.531      ;
; 1.354 ; DIVMULT:dm|mult:m|contador[6]  ; DIVMULT:dm|mult:m|contador[6]   ; clk          ; clk         ; 0.000        ; 0.000      ; 1.533      ;
; 1.354 ; DIVMULT:dm|Div:d|Divisor[4]    ; DIVMULT:dm|Div:d|Divisor[3]     ; clk          ; clk         ; 0.000        ; 0.000      ; 1.533      ;
; 1.354 ; DIVMULT:dm|mult:m|contador[3]  ; DIVMULT:dm|mult:m|contador[3]   ; clk          ; clk         ; 0.000        ; 0.000      ; 1.533      ;
; 1.355 ; DIVMULT:dm|mult:m|PROD[33]     ; DIVMULT:dm|mult:m|PROD[33]      ; clk          ; clk         ; 0.000        ; 0.000      ; 1.534      ;
; 1.355 ; DIVMULT:dm|mult:m|MCAND[35]    ; DIVMULT:dm|mult:m|MCAND[35]     ; clk          ; clk         ; 0.000        ; 0.000      ; 1.534      ;
; 1.356 ; DIVMULT:dm|Div:d|Quotient[20]  ; DIVMULT:dm|Div:d|LO[20]         ; clk          ; clk         ; 0.000        ; 0.000      ; 1.535      ;
; 1.356 ; DIVMULT:dm|mult:m|MPLIER[30]   ; DIVMULT:dm|mult:m|MPLIER[29]    ; clk          ; clk         ; 0.000        ; 0.000      ; 1.535      ;
; 1.359 ; DIVMULT:dm|Div:d|Quotient[4]   ; DIVMULT:dm|Div:d|LO[4]          ; clk          ; clk         ; 0.000        ; 0.000      ; 1.538      ;
; 1.361 ; DIVMULT:dm|Div:d|Quotient[1]   ; DIVMULT:dm|Div:d|LO[1]          ; clk          ; clk         ; 0.000        ; 0.000      ; 1.540      ;
; 1.361 ; DIVMULT:dm|mult:m|MCAND[38]    ; DIVMULT:dm|mult:m|MCAND[38]     ; clk          ; clk         ; 0.000        ; 0.000      ; 1.540      ;
; 1.362 ; DIVMULT:dm|Div:d|Quotient[23]  ; DIVMULT:dm|Div:d|Quotient[23]   ; clk          ; clk         ; 0.000        ; 0.000      ; 1.541      ;
; 1.362 ; DIVMULT:dm|mult:m|MCAND[36]    ; DIVMULT:dm|mult:m|MCAND[36]     ; clk          ; clk         ; 0.000        ; 0.000      ; 1.541      ;
; 1.362 ; DIVMULT:dm|mult:m|MCAND[52]    ; DIVMULT:dm|mult:m|MCAND[52]     ; clk          ; clk         ; 0.000        ; 0.000      ; 1.541      ;
; 1.363 ; DIVMULT:dm|mult:m|MCAND[46]    ; DIVMULT:dm|mult:m|MCAND[46]     ; clk          ; clk         ; 0.000        ; 0.000      ; 1.542      ;
; 1.365 ; DIVMULT:dm|mult:m|MCAND[46]    ; DIVMULT:dm|mult:m|MCAND[47]     ; clk          ; clk         ; 0.000        ; 0.000      ; 1.544      ;
; 1.366 ; DIVMULT:dm|mult:m|MCAND[52]    ; DIVMULT:dm|mult:m|MCAND[53]     ; clk          ; clk         ; 0.000        ; 0.000      ; 1.545      ;
; 1.368 ; DIVMULT:dm|Div:d|Quotient[22]  ; DIVMULT:dm|Div:d|LO[22]         ; clk          ; clk         ; 0.000        ; 0.000      ; 1.547      ;
; 1.368 ; DIVMULT:dm|mult:m|PROD[26]     ; DIVMULT:dm|mult:m|LO[26]        ; clk          ; clk         ; 0.000        ; 0.000      ; 1.547      ;
; 1.369 ; DIVMULT:dm|Div:d|Quotient[23]  ; DIVMULT:dm|Div:d|LO[23]         ; clk          ; clk         ; 0.000        ; 0.000      ; 1.548      ;
; 1.370 ; DIVMULT:dm|mult:m|PROD[40]     ; DIVMULT:dm|mult:m|PROD[40]      ; clk          ; clk         ; 0.000        ; 0.000      ; 1.549      ;
; 1.370 ; DIVMULT:dm|mult:m|MCAND[38]    ; DIVMULT:dm|mult:m|MCAND[39]     ; clk          ; clk         ; 0.000        ; 0.000      ; 1.549      ;
; 1.371 ; DIVMULT:dm|mult:m|PROD[16]     ; DIVMULT:dm|mult:m|PROD[16]      ; clk          ; clk         ; 0.000        ; 0.000      ; 1.550      ;
; 1.371 ; DIVMULT:dm|mult:m|state.DONE   ; DIVMULT:dm|mult:m|state.INITIAL ; clk          ; clk         ; 0.000        ; 0.000      ; 1.550      ;
; 1.373 ; DIVMULT:dm|mult:m|PROD[16]     ; DIVMULT:dm|mult:m|LO[16]        ; clk          ; clk         ; 0.000        ; 0.000      ; 1.552      ;
; 1.373 ; DIVMULT:dm|Div:d|contador[4]   ; DIVMULT:dm|Div:d|contador[4]    ; clk          ; clk         ; 0.000        ; 0.000      ; 1.552      ;
; 1.373 ; DIVMULT:dm|mult:m|MCAND[58]    ; DIVMULT:dm|mult:m|MCAND[58]     ; clk          ; clk         ; 0.000        ; 0.000      ; 1.552      ;
; 1.373 ; DIVMULT:dm|mult:m|MCAND[61]    ; DIVMULT:dm|mult:m|MCAND[61]     ; clk          ; clk         ; 0.000        ; 0.000      ; 1.552      ;
; 1.376 ; DIVMULT:dm|mult:m|MCAND[56]    ; DIVMULT:dm|mult:m|MCAND[56]     ; clk          ; clk         ; 0.000        ; 0.000      ; 1.555      ;
; 1.377 ; DIVMULT:dm|mult:m|state.DONE   ; DIVMULT:dm|mult:m|state.MULT    ; clk          ; clk         ; 0.000        ; 0.000      ; 1.556      ;
; 1.379 ; DIVMULT:dm|mult:m|MCAND[56]    ; DIVMULT:dm|mult:m|MCAND[57]     ; clk          ; clk         ; 0.000        ; 0.000      ; 1.558      ;
; 1.384 ; DIVMULT:dm|mult:m|PROD[59]     ; DIVMULT:dm|mult:m|HI[27]        ; clk          ; clk         ; 0.000        ; 0.000      ; 1.563      ;
; 1.384 ; DIVMULT:dm|mult:m|MCAND[61]    ; DIVMULT:dm|mult:m|MCAND[62]     ; clk          ; clk         ; 0.000        ; 0.000      ; 1.563      ;
; 1.385 ; DIVMULT:dm|mult:m|PROD[46]     ; DIVMULT:dm|mult:m|HI[14]        ; clk          ; clk         ; 0.000        ; 0.000      ; 1.564      ;
; 1.386 ; DIVMULT:dm|mult:m|PROD[14]     ; DIVMULT:dm|mult:m|LO[14]        ; clk          ; clk         ; 0.000        ; 0.000      ; 1.565      ;
; 1.387 ; DIVMULT:dm|Div:d|Quotient[2]   ; DIVMULT:dm|Div:d|LO[2]          ; clk          ; clk         ; 0.000        ; 0.000      ; 1.566      ;
; 1.389 ; DIVMULT:dm|mult:m|PROD[9]      ; DIVMULT:dm|mult:m|LO[9]         ; clk          ; clk         ; 0.000        ; 0.000      ; 1.568      ;
; 1.391 ; DIVMULT:dm|mult:m|PROD[39]     ; DIVMULT:dm|mult:m|PROD[39]      ; clk          ; clk         ; 0.000        ; 0.000      ; 1.570      ;
; 1.392 ; DIVMULT:dm|Div:d|Quotient[0]   ; DIVMULT:dm|Div:d|LO[0]          ; clk          ; clk         ; 0.000        ; 0.000      ; 1.571      ;
; 1.392 ; DIVMULT:dm|mult:m|MCAND[48]    ; DIVMULT:dm|mult:m|MCAND[49]     ; clk          ; clk         ; 0.000        ; 0.000      ; 1.571      ;
; 1.398 ; DIVMULT:dm|Div:d|Quotient[25]  ; DIVMULT:dm|Div:d|LO[25]         ; clk          ; clk         ; 0.000        ; 0.000      ; 1.577      ;
; 1.400 ; DIVMULT:dm|mult:m|MPLIER[1]    ; DIVMULT:dm|mult:m|MPLIER[0]     ; clk          ; clk         ; 0.000        ; 0.000      ; 1.579      ;
; 1.405 ; DIVMULT:dm|mult:m|PROD[43]     ; DIVMULT:dm|mult:m|HI[11]        ; clk          ; clk         ; 0.000        ; 0.000      ; 1.584      ;
; 1.408 ; DIVMULT:dm|mult:m|MPLIER[7]    ; DIVMULT:dm|mult:m|MPLIER[6]     ; clk          ; clk         ; 0.000        ; 0.000      ; 1.587      ;
; 1.449 ; DIVMULT:dm|mult:m|PROD[31]     ; DIVMULT:dm|mult:m|LO[31]        ; clk          ; clk         ; 0.000        ; 0.000      ; 1.628      ;
; 1.463 ; DIVMULT:dm|Div:d|Quotient[30]  ; DIVMULT:dm|Div:d|LO[30]         ; clk          ; clk         ; 0.000        ; 0.000      ; 1.642      ;
; 1.511 ; DIVMULT:dm|Div:d|Quotient[19]  ; DIVMULT:dm|Div:d|LO[19]         ; clk          ; clk         ; 0.000        ; 0.000      ; 1.690      ;
; 1.512 ; DIVMULT:dm|mult:m|PROD[37]     ; DIVMULT:dm|mult:m|HI[5]         ; clk          ; clk         ; 0.000        ; 0.000      ; 1.691      ;
; 1.519 ; DIVMULT:dm|Div:d|Remainder[10] ; DIVMULT:dm|Div:d|HI[10]         ; clk          ; clk         ; 0.000        ; 0.000      ; 1.698      ;
; 1.535 ; DIVMULT:dm|mult:m|PROD[24]     ; DIVMULT:dm|mult:m|LO[24]        ; clk          ; clk         ; 0.000        ; 0.000      ; 1.714      ;
; 1.543 ; DIVMULT:dm|mult:m|HI[4]        ; Registrador:RHI|Saida[4]        ; clk          ; clk         ; 0.000        ; 0.000      ; 1.722      ;
; 1.543 ; DIVMULT:dm|mult:m|HI[12]       ; Registrador:RHI|Saida[12]       ; clk          ; clk         ; 0.000        ; 0.000      ; 1.722      ;
; 1.543 ; DIVMULT:dm|Div:d|contador[5]   ; DIVMULT:dm|Div:d|contador[5]    ; clk          ; clk         ; 0.000        ; 0.000      ; 1.722      ;
; 1.543 ; DIVMULT:dm|mult:m|MCAND[41]    ; DIVMULT:dm|mult:m|MCAND[41]     ; clk          ; clk         ; 0.000        ; 0.000      ; 1.722      ;
; 1.544 ; DIVMULT:dm|Div:d|Divisor[29]   ; DIVMULT:dm|Div:d|Divisor[28]    ; clk          ; clk         ; 0.000        ; 0.000      ; 1.723      ;
; 1.544 ; DIVMULT:dm|mult:m|MPLIER[15]   ; DIVMULT:dm|mult:m|MPLIER[14]    ; clk          ; clk         ; 0.000        ; 0.000      ; 1.723      ;
; 1.547 ; DIVMULT:dm|Div:d|LO[21]        ; Registrador:RLO|Saida[21]       ; clk          ; clk         ; 0.000        ; 0.000      ; 1.726      ;
; 1.547 ; DIVMULT:dm|Div:d|Divisor[24]   ; DIVMULT:dm|Div:d|Divisor[23]    ; clk          ; clk         ; 0.000        ; 0.000      ; 1.726      ;
; 1.547 ; DIVMULT:dm|Div:d|Divisor[60]   ; DIVMULT:dm|Div:d|Divisor[59]    ; clk          ; clk         ; 0.000        ; 0.000      ; 1.726      ;
; 1.547 ; DIVMULT:dm|mult:m|MPLIER[31]   ; DIVMULT:dm|mult:m|MPLIER[30]    ; clk          ; clk         ; 0.000        ; 0.000      ; 1.726      ;
; 1.548 ; DIVMULT:dm|Div:d|Divisor[13]   ; DIVMULT:dm|Div:d|Divisor[12]    ; clk          ; clk         ; 0.000        ; 0.000      ; 1.727      ;
; 1.548 ; DIVMULT:dm|Div:d|Divisor[19]   ; DIVMULT:dm|Div:d|Divisor[18]    ; clk          ; clk         ; 0.000        ; 0.000      ; 1.727      ;
; 1.548 ; DIVMULT:dm|mult:m|MPLIER[25]   ; DIVMULT:dm|mult:m|MPLIER[24]    ; clk          ; clk         ; 0.000        ; 0.000      ; 1.727      ;
; 1.550 ; DIVMULT:dm|mult:m|HI[7]        ; Registrador:RHI|Saida[7]        ; clk          ; clk         ; 0.000        ; 0.000      ; 1.729      ;
; 1.550 ; DIVMULT:dm|Div:d|LO[6]         ; Registrador:RLO|Saida[6]        ; clk          ; clk         ; 0.000        ; 0.000      ; 1.729      ;
+-------+--------------------------------+---------------------------------+--------------+-------------+--------------+------------+------------+


+---------------------------------------------------------------------------------------------------------------+
; Minimum Pulse Width: 'clk'                                                                                    ;
+--------+--------------+----------------+------------------+-------+------------+------------------------------+
; Slack  ; Actual Width ; Required Width ; Type             ; Clock ; Clock Edge ; Target                       ;
+--------+--------------+----------------+------------------+-------+------------+------------------------------+
; -2.289 ; 1.000        ; 3.289          ; Port Rate        ; clk   ; Rise       ; clk                          ;
; 0.284  ; 0.500        ; 0.216          ; High Pulse Width ; clk   ; Rise       ; DIVMULT:dm|Div:d|Divisor[0]  ;
; 0.284  ; 0.500        ; 0.216          ; Low Pulse Width  ; clk   ; Rise       ; DIVMULT:dm|Div:d|Divisor[0]  ;
; 0.284  ; 0.500        ; 0.216          ; High Pulse Width ; clk   ; Rise       ; DIVMULT:dm|Div:d|Divisor[10] ;
; 0.284  ; 0.500        ; 0.216          ; Low Pulse Width  ; clk   ; Rise       ; DIVMULT:dm|Div:d|Divisor[10] ;
; 0.284  ; 0.500        ; 0.216          ; High Pulse Width ; clk   ; Rise       ; DIVMULT:dm|Div:d|Divisor[11] ;
; 0.284  ; 0.500        ; 0.216          ; Low Pulse Width  ; clk   ; Rise       ; DIVMULT:dm|Div:d|Divisor[11] ;
; 0.284  ; 0.500        ; 0.216          ; High Pulse Width ; clk   ; Rise       ; DIVMULT:dm|Div:d|Divisor[12] ;
; 0.284  ; 0.500        ; 0.216          ; Low Pulse Width  ; clk   ; Rise       ; DIVMULT:dm|Div:d|Divisor[12] ;
; 0.284  ; 0.500        ; 0.216          ; High Pulse Width ; clk   ; Rise       ; DIVMULT:dm|Div:d|Divisor[13] ;
; 0.284  ; 0.500        ; 0.216          ; Low Pulse Width  ; clk   ; Rise       ; DIVMULT:dm|Div:d|Divisor[13] ;
; 0.284  ; 0.500        ; 0.216          ; High Pulse Width ; clk   ; Rise       ; DIVMULT:dm|Div:d|Divisor[14] ;
; 0.284  ; 0.500        ; 0.216          ; Low Pulse Width  ; clk   ; Rise       ; DIVMULT:dm|Div:d|Divisor[14] ;
; 0.284  ; 0.500        ; 0.216          ; High Pulse Width ; clk   ; Rise       ; DIVMULT:dm|Div:d|Divisor[15] ;
; 0.284  ; 0.500        ; 0.216          ; Low Pulse Width  ; clk   ; Rise       ; DIVMULT:dm|Div:d|Divisor[15] ;
; 0.284  ; 0.500        ; 0.216          ; High Pulse Width ; clk   ; Rise       ; DIVMULT:dm|Div:d|Divisor[16] ;
; 0.284  ; 0.500        ; 0.216          ; Low Pulse Width  ; clk   ; Rise       ; DIVMULT:dm|Div:d|Divisor[16] ;
; 0.284  ; 0.500        ; 0.216          ; High Pulse Width ; clk   ; Rise       ; DIVMULT:dm|Div:d|Divisor[17] ;
; 0.284  ; 0.500        ; 0.216          ; Low Pulse Width  ; clk   ; Rise       ; DIVMULT:dm|Div:d|Divisor[17] ;
; 0.284  ; 0.500        ; 0.216          ; High Pulse Width ; clk   ; Rise       ; DIVMULT:dm|Div:d|Divisor[18] ;
; 0.284  ; 0.500        ; 0.216          ; Low Pulse Width  ; clk   ; Rise       ; DIVMULT:dm|Div:d|Divisor[18] ;
; 0.284  ; 0.500        ; 0.216          ; High Pulse Width ; clk   ; Rise       ; DIVMULT:dm|Div:d|Divisor[19] ;
; 0.284  ; 0.500        ; 0.216          ; Low Pulse Width  ; clk   ; Rise       ; DIVMULT:dm|Div:d|Divisor[19] ;
; 0.284  ; 0.500        ; 0.216          ; High Pulse Width ; clk   ; Rise       ; DIVMULT:dm|Div:d|Divisor[1]  ;
; 0.284  ; 0.500        ; 0.216          ; Low Pulse Width  ; clk   ; Rise       ; DIVMULT:dm|Div:d|Divisor[1]  ;
; 0.284  ; 0.500        ; 0.216          ; High Pulse Width ; clk   ; Rise       ; DIVMULT:dm|Div:d|Divisor[20] ;
; 0.284  ; 0.500        ; 0.216          ; Low Pulse Width  ; clk   ; Rise       ; DIVMULT:dm|Div:d|Divisor[20] ;
; 0.284  ; 0.500        ; 0.216          ; High Pulse Width ; clk   ; Rise       ; DIVMULT:dm|Div:d|Divisor[21] ;
; 0.284  ; 0.500        ; 0.216          ; Low Pulse Width  ; clk   ; Rise       ; DIVMULT:dm|Div:d|Divisor[21] ;
; 0.284  ; 0.500        ; 0.216          ; High Pulse Width ; clk   ; Rise       ; DIVMULT:dm|Div:d|Divisor[22] ;
; 0.284  ; 0.500        ; 0.216          ; Low Pulse Width  ; clk   ; Rise       ; DIVMULT:dm|Div:d|Divisor[22] ;
; 0.284  ; 0.500        ; 0.216          ; High Pulse Width ; clk   ; Rise       ; DIVMULT:dm|Div:d|Divisor[23] ;
; 0.284  ; 0.500        ; 0.216          ; Low Pulse Width  ; clk   ; Rise       ; DIVMULT:dm|Div:d|Divisor[23] ;
; 0.284  ; 0.500        ; 0.216          ; High Pulse Width ; clk   ; Rise       ; DIVMULT:dm|Div:d|Divisor[24] ;
; 0.284  ; 0.500        ; 0.216          ; Low Pulse Width  ; clk   ; Rise       ; DIVMULT:dm|Div:d|Divisor[24] ;
; 0.284  ; 0.500        ; 0.216          ; High Pulse Width ; clk   ; Rise       ; DIVMULT:dm|Div:d|Divisor[25] ;
; 0.284  ; 0.500        ; 0.216          ; Low Pulse Width  ; clk   ; Rise       ; DIVMULT:dm|Div:d|Divisor[25] ;
; 0.284  ; 0.500        ; 0.216          ; High Pulse Width ; clk   ; Rise       ; DIVMULT:dm|Div:d|Divisor[26] ;
; 0.284  ; 0.500        ; 0.216          ; Low Pulse Width  ; clk   ; Rise       ; DIVMULT:dm|Div:d|Divisor[26] ;
; 0.284  ; 0.500        ; 0.216          ; High Pulse Width ; clk   ; Rise       ; DIVMULT:dm|Div:d|Divisor[27] ;
; 0.284  ; 0.500        ; 0.216          ; Low Pulse Width  ; clk   ; Rise       ; DIVMULT:dm|Div:d|Divisor[27] ;
; 0.284  ; 0.500        ; 0.216          ; High Pulse Width ; clk   ; Rise       ; DIVMULT:dm|Div:d|Divisor[28] ;
; 0.284  ; 0.500        ; 0.216          ; Low Pulse Width  ; clk   ; Rise       ; DIVMULT:dm|Div:d|Divisor[28] ;
; 0.284  ; 0.500        ; 0.216          ; High Pulse Width ; clk   ; Rise       ; DIVMULT:dm|Div:d|Divisor[29] ;
; 0.284  ; 0.500        ; 0.216          ; Low Pulse Width  ; clk   ; Rise       ; DIVMULT:dm|Div:d|Divisor[29] ;
; 0.284  ; 0.500        ; 0.216          ; High Pulse Width ; clk   ; Rise       ; DIVMULT:dm|Div:d|Divisor[2]  ;
; 0.284  ; 0.500        ; 0.216          ; Low Pulse Width  ; clk   ; Rise       ; DIVMULT:dm|Div:d|Divisor[2]  ;
; 0.284  ; 0.500        ; 0.216          ; High Pulse Width ; clk   ; Rise       ; DIVMULT:dm|Div:d|Divisor[30] ;
; 0.284  ; 0.500        ; 0.216          ; Low Pulse Width  ; clk   ; Rise       ; DIVMULT:dm|Div:d|Divisor[30] ;
; 0.284  ; 0.500        ; 0.216          ; High Pulse Width ; clk   ; Rise       ; DIVMULT:dm|Div:d|Divisor[31] ;
; 0.284  ; 0.500        ; 0.216          ; Low Pulse Width  ; clk   ; Rise       ; DIVMULT:dm|Div:d|Divisor[31] ;
; 0.284  ; 0.500        ; 0.216          ; High Pulse Width ; clk   ; Rise       ; DIVMULT:dm|Div:d|Divisor[32] ;
; 0.284  ; 0.500        ; 0.216          ; Low Pulse Width  ; clk   ; Rise       ; DIVMULT:dm|Div:d|Divisor[32] ;
; 0.284  ; 0.500        ; 0.216          ; High Pulse Width ; clk   ; Rise       ; DIVMULT:dm|Div:d|Divisor[33] ;
; 0.284  ; 0.500        ; 0.216          ; Low Pulse Width  ; clk   ; Rise       ; DIVMULT:dm|Div:d|Divisor[33] ;
; 0.284  ; 0.500        ; 0.216          ; High Pulse Width ; clk   ; Rise       ; DIVMULT:dm|Div:d|Divisor[34] ;
; 0.284  ; 0.500        ; 0.216          ; Low Pulse Width  ; clk   ; Rise       ; DIVMULT:dm|Div:d|Divisor[34] ;
; 0.284  ; 0.500        ; 0.216          ; High Pulse Width ; clk   ; Rise       ; DIVMULT:dm|Div:d|Divisor[35] ;
; 0.284  ; 0.500        ; 0.216          ; Low Pulse Width  ; clk   ; Rise       ; DIVMULT:dm|Div:d|Divisor[35] ;
; 0.284  ; 0.500        ; 0.216          ; High Pulse Width ; clk   ; Rise       ; DIVMULT:dm|Div:d|Divisor[36] ;
; 0.284  ; 0.500        ; 0.216          ; Low Pulse Width  ; clk   ; Rise       ; DIVMULT:dm|Div:d|Divisor[36] ;
; 0.284  ; 0.500        ; 0.216          ; High Pulse Width ; clk   ; Rise       ; DIVMULT:dm|Div:d|Divisor[37] ;
; 0.284  ; 0.500        ; 0.216          ; Low Pulse Width  ; clk   ; Rise       ; DIVMULT:dm|Div:d|Divisor[37] ;
; 0.284  ; 0.500        ; 0.216          ; High Pulse Width ; clk   ; Rise       ; DIVMULT:dm|Div:d|Divisor[38] ;
; 0.284  ; 0.500        ; 0.216          ; Low Pulse Width  ; clk   ; Rise       ; DIVMULT:dm|Div:d|Divisor[38] ;
; 0.284  ; 0.500        ; 0.216          ; High Pulse Width ; clk   ; Rise       ; DIVMULT:dm|Div:d|Divisor[39] ;
; 0.284  ; 0.500        ; 0.216          ; Low Pulse Width  ; clk   ; Rise       ; DIVMULT:dm|Div:d|Divisor[39] ;
; 0.284  ; 0.500        ; 0.216          ; High Pulse Width ; clk   ; Rise       ; DIVMULT:dm|Div:d|Divisor[3]  ;
; 0.284  ; 0.500        ; 0.216          ; Low Pulse Width  ; clk   ; Rise       ; DIVMULT:dm|Div:d|Divisor[3]  ;
; 0.284  ; 0.500        ; 0.216          ; High Pulse Width ; clk   ; Rise       ; DIVMULT:dm|Div:d|Divisor[40] ;
; 0.284  ; 0.500        ; 0.216          ; Low Pulse Width  ; clk   ; Rise       ; DIVMULT:dm|Div:d|Divisor[40] ;
; 0.284  ; 0.500        ; 0.216          ; High Pulse Width ; clk   ; Rise       ; DIVMULT:dm|Div:d|Divisor[41] ;
; 0.284  ; 0.500        ; 0.216          ; Low Pulse Width  ; clk   ; Rise       ; DIVMULT:dm|Div:d|Divisor[41] ;
; 0.284  ; 0.500        ; 0.216          ; High Pulse Width ; clk   ; Rise       ; DIVMULT:dm|Div:d|Divisor[42] ;
; 0.284  ; 0.500        ; 0.216          ; Low Pulse Width  ; clk   ; Rise       ; DIVMULT:dm|Div:d|Divisor[42] ;
; 0.284  ; 0.500        ; 0.216          ; High Pulse Width ; clk   ; Rise       ; DIVMULT:dm|Div:d|Divisor[43] ;
; 0.284  ; 0.500        ; 0.216          ; Low Pulse Width  ; clk   ; Rise       ; DIVMULT:dm|Div:d|Divisor[43] ;
; 0.284  ; 0.500        ; 0.216          ; High Pulse Width ; clk   ; Rise       ; DIVMULT:dm|Div:d|Divisor[44] ;
; 0.284  ; 0.500        ; 0.216          ; Low Pulse Width  ; clk   ; Rise       ; DIVMULT:dm|Div:d|Divisor[44] ;
; 0.284  ; 0.500        ; 0.216          ; High Pulse Width ; clk   ; Rise       ; DIVMULT:dm|Div:d|Divisor[45] ;
; 0.284  ; 0.500        ; 0.216          ; Low Pulse Width  ; clk   ; Rise       ; DIVMULT:dm|Div:d|Divisor[45] ;
; 0.284  ; 0.500        ; 0.216          ; High Pulse Width ; clk   ; Rise       ; DIVMULT:dm|Div:d|Divisor[46] ;
; 0.284  ; 0.500        ; 0.216          ; Low Pulse Width  ; clk   ; Rise       ; DIVMULT:dm|Div:d|Divisor[46] ;
; 0.284  ; 0.500        ; 0.216          ; High Pulse Width ; clk   ; Rise       ; DIVMULT:dm|Div:d|Divisor[47] ;
; 0.284  ; 0.500        ; 0.216          ; Low Pulse Width  ; clk   ; Rise       ; DIVMULT:dm|Div:d|Divisor[47] ;
; 0.284  ; 0.500        ; 0.216          ; High Pulse Width ; clk   ; Rise       ; DIVMULT:dm|Div:d|Divisor[48] ;
; 0.284  ; 0.500        ; 0.216          ; Low Pulse Width  ; clk   ; Rise       ; DIVMULT:dm|Div:d|Divisor[48] ;
; 0.284  ; 0.500        ; 0.216          ; High Pulse Width ; clk   ; Rise       ; DIVMULT:dm|Div:d|Divisor[49] ;
; 0.284  ; 0.500        ; 0.216          ; Low Pulse Width  ; clk   ; Rise       ; DIVMULT:dm|Div:d|Divisor[49] ;
; 0.284  ; 0.500        ; 0.216          ; High Pulse Width ; clk   ; Rise       ; DIVMULT:dm|Div:d|Divisor[4]  ;
; 0.284  ; 0.500        ; 0.216          ; Low Pulse Width  ; clk   ; Rise       ; DIVMULT:dm|Div:d|Divisor[4]  ;
; 0.284  ; 0.500        ; 0.216          ; High Pulse Width ; clk   ; Rise       ; DIVMULT:dm|Div:d|Divisor[50] ;
; 0.284  ; 0.500        ; 0.216          ; Low Pulse Width  ; clk   ; Rise       ; DIVMULT:dm|Div:d|Divisor[50] ;
; 0.284  ; 0.500        ; 0.216          ; High Pulse Width ; clk   ; Rise       ; DIVMULT:dm|Div:d|Divisor[51] ;
; 0.284  ; 0.500        ; 0.216          ; Low Pulse Width  ; clk   ; Rise       ; DIVMULT:dm|Div:d|Divisor[51] ;
; 0.284  ; 0.500        ; 0.216          ; High Pulse Width ; clk   ; Rise       ; DIVMULT:dm|Div:d|Divisor[52] ;
; 0.284  ; 0.500        ; 0.216          ; Low Pulse Width  ; clk   ; Rise       ; DIVMULT:dm|Div:d|Divisor[52] ;
; 0.284  ; 0.500        ; 0.216          ; High Pulse Width ; clk   ; Rise       ; DIVMULT:dm|Div:d|Divisor[53] ;
; 0.284  ; 0.500        ; 0.216          ; Low Pulse Width  ; clk   ; Rise       ; DIVMULT:dm|Div:d|Divisor[53] ;
; 0.284  ; 0.500        ; 0.216          ; High Pulse Width ; clk   ; Rise       ; DIVMULT:dm|Div:d|Divisor[54] ;
+--------+--------------+----------------+------------------+-------+------------+------------------------------+


+-------------------------------------------------------------------------+
; Setup Times                                                             ;
+-----------+------------+--------+--------+------------+-----------------+
; Data Port ; Clock Port ; Rise   ; Fall   ; Clock Edge ; Clock Reference ;
+-----------+------------+--------+--------+------------+-----------------+
; A[*]      ; clk        ; 13.904 ; 13.904 ; Rise       ; clk             ;
;  A[0]     ; clk        ; 13.508 ; 13.508 ; Rise       ; clk             ;
;  A[1]     ; clk        ; 12.540 ; 12.540 ; Rise       ; clk             ;
;  A[2]     ; clk        ; 12.512 ; 12.512 ; Rise       ; clk             ;
;  A[3]     ; clk        ; 12.458 ; 12.458 ; Rise       ; clk             ;
;  A[4]     ; clk        ; 12.861 ; 12.861 ; Rise       ; clk             ;
;  A[5]     ; clk        ; 13.268 ; 13.268 ; Rise       ; clk             ;
;  A[6]     ; clk        ; 13.256 ; 13.256 ; Rise       ; clk             ;
;  A[7]     ; clk        ; 12.290 ; 12.290 ; Rise       ; clk             ;
;  A[8]     ; clk        ; 12.742 ; 12.742 ; Rise       ; clk             ;
;  A[9]     ; clk        ; 12.625 ; 12.625 ; Rise       ; clk             ;
;  A[10]    ; clk        ; 13.904 ; 13.904 ; Rise       ; clk             ;
;  A[11]    ; clk        ; 12.057 ; 12.057 ; Rise       ; clk             ;
;  A[12]    ; clk        ; 11.968 ; 11.968 ; Rise       ; clk             ;
;  A[13]    ; clk        ; 12.042 ; 12.042 ; Rise       ; clk             ;
;  A[14]    ; clk        ; 11.912 ; 11.912 ; Rise       ; clk             ;
;  A[15]    ; clk        ; 11.805 ; 11.805 ; Rise       ; clk             ;
;  A[16]    ; clk        ; 12.010 ; 12.010 ; Rise       ; clk             ;
;  A[17]    ; clk        ; 11.894 ; 11.894 ; Rise       ; clk             ;
;  A[18]    ; clk        ; 11.464 ; 11.464 ; Rise       ; clk             ;
;  A[19]    ; clk        ; 11.729 ; 11.729 ; Rise       ; clk             ;
;  A[20]    ; clk        ; 11.191 ; 11.191 ; Rise       ; clk             ;
;  A[21]    ; clk        ; 11.354 ; 11.354 ; Rise       ; clk             ;
;  A[22]    ; clk        ; 12.751 ; 12.751 ; Rise       ; clk             ;
;  A[23]    ; clk        ; 11.155 ; 11.155 ; Rise       ; clk             ;
;  A[24]    ; clk        ; 11.280 ; 11.280 ; Rise       ; clk             ;
;  A[25]    ; clk        ; 11.408 ; 11.408 ; Rise       ; clk             ;
;  A[26]    ; clk        ; 11.167 ; 11.167 ; Rise       ; clk             ;
;  A[27]    ; clk        ; 10.902 ; 10.902 ; Rise       ; clk             ;
;  A[28]    ; clk        ; 10.333 ; 10.333 ; Rise       ; clk             ;
;  A[29]    ; clk        ; 10.161 ; 10.161 ; Rise       ; clk             ;
;  A[30]    ; clk        ; 10.134 ; 10.134 ; Rise       ; clk             ;
;  A[31]    ; clk        ; 12.134 ; 12.134 ; Rise       ; clk             ;
; B[*]      ; clk        ; 17.303 ; 17.303 ; Rise       ; clk             ;
;  B[0]     ; clk        ; 17.303 ; 17.303 ; Rise       ; clk             ;
;  B[1]     ; clk        ; 14.712 ; 14.712 ; Rise       ; clk             ;
;  B[2]     ; clk        ; 15.590 ; 15.590 ; Rise       ; clk             ;
;  B[3]     ; clk        ; 15.259 ; 15.259 ; Rise       ; clk             ;
;  B[4]     ; clk        ; 14.451 ; 14.451 ; Rise       ; clk             ;
;  B[5]     ; clk        ; 14.286 ; 14.286 ; Rise       ; clk             ;
;  B[6]     ; clk        ; 13.481 ; 13.481 ; Rise       ; clk             ;
;  B[7]     ; clk        ; 13.999 ; 13.999 ; Rise       ; clk             ;
;  B[8]     ; clk        ; 15.860 ; 15.860 ; Rise       ; clk             ;
;  B[9]     ; clk        ; 16.083 ; 16.083 ; Rise       ; clk             ;
;  B[10]    ; clk        ; 16.057 ; 16.057 ; Rise       ; clk             ;
;  B[11]    ; clk        ; 16.293 ; 16.293 ; Rise       ; clk             ;
;  B[12]    ; clk        ; 15.039 ; 15.039 ; Rise       ; clk             ;
;  B[13]    ; clk        ; 14.810 ; 14.810 ; Rise       ; clk             ;
;  B[14]    ; clk        ; 14.703 ; 14.703 ; Rise       ; clk             ;
;  B[15]    ; clk        ; 14.949 ; 14.949 ; Rise       ; clk             ;
;  B[16]    ; clk        ; 14.126 ; 14.126 ; Rise       ; clk             ;
;  B[17]    ; clk        ; 14.664 ; 14.664 ; Rise       ; clk             ;
;  B[18]    ; clk        ; 12.889 ; 12.889 ; Rise       ; clk             ;
;  B[19]    ; clk        ; 13.223 ; 13.223 ; Rise       ; clk             ;
;  B[20]    ; clk        ; 14.953 ; 14.953 ; Rise       ; clk             ;
;  B[21]    ; clk        ; 15.131 ; 15.131 ; Rise       ; clk             ;
;  B[22]    ; clk        ; 13.948 ; 13.948 ; Rise       ; clk             ;
;  B[23]    ; clk        ; 14.170 ; 14.170 ; Rise       ; clk             ;
;  B[24]    ; clk        ; 11.903 ; 11.903 ; Rise       ; clk             ;
;  B[25]    ; clk        ; 12.628 ; 12.628 ; Rise       ; clk             ;
;  B[26]    ; clk        ; 12.037 ; 12.037 ; Rise       ; clk             ;
;  B[27]    ; clk        ; 11.931 ; 11.931 ; Rise       ; clk             ;
;  B[28]    ; clk        ; 12.454 ; 12.454 ; Rise       ; clk             ;
;  B[29]    ; clk        ; 12.554 ; 12.554 ; Rise       ; clk             ;
;  B[30]    ; clk        ; 12.364 ; 12.364 ; Rise       ; clk             ;
;  B[31]    ; clk        ; 13.508 ; 13.508 ; Rise       ; clk             ;
; MDControl ; clk        ; 5.129  ; 5.129  ; Rise       ; clk             ;
; load      ; clk        ; 5.047  ; 5.047  ; Rise       ; clk             ;
; reset     ; clk        ; 7.794  ; 7.794  ; Rise       ; clk             ;
; start     ; clk        ; 6.385  ; 6.385  ; Rise       ; clk             ;
+-----------+------------+--------+--------+------------+-----------------+


+-------------------------------------------------------------------------+
; Hold Times                                                              ;
+-----------+------------+--------+--------+------------+-----------------+
; Data Port ; Clock Port ; Rise   ; Fall   ; Clock Edge ; Clock Reference ;
+-----------+------------+--------+--------+------------+-----------------+
; A[*]      ; clk        ; -1.185 ; -1.185 ; Rise       ; clk             ;
;  A[0]     ; clk        ; -1.185 ; -1.185 ; Rise       ; clk             ;
;  A[1]     ; clk        ; -4.972 ; -4.972 ; Rise       ; clk             ;
;  A[2]     ; clk        ; -4.508 ; -4.508 ; Rise       ; clk             ;
;  A[3]     ; clk        ; -4.510 ; -4.510 ; Rise       ; clk             ;
;  A[4]     ; clk        ; -4.058 ; -4.058 ; Rise       ; clk             ;
;  A[5]     ; clk        ; -2.621 ; -2.621 ; Rise       ; clk             ;
;  A[6]     ; clk        ; -3.091 ; -3.091 ; Rise       ; clk             ;
;  A[7]     ; clk        ; -3.267 ; -3.267 ; Rise       ; clk             ;
;  A[8]     ; clk        ; -3.872 ; -3.872 ; Rise       ; clk             ;
;  A[9]     ; clk        ; -3.749 ; -3.749 ; Rise       ; clk             ;
;  A[10]    ; clk        ; -2.859 ; -2.859 ; Rise       ; clk             ;
;  A[11]    ; clk        ; -5.238 ; -5.238 ; Rise       ; clk             ;
;  A[12]    ; clk        ; -3.643 ; -3.643 ; Rise       ; clk             ;
;  A[13]    ; clk        ; -3.360 ; -3.360 ; Rise       ; clk             ;
;  A[14]    ; clk        ; -3.830 ; -3.830 ; Rise       ; clk             ;
;  A[15]    ; clk        ; -3.848 ; -3.848 ; Rise       ; clk             ;
;  A[16]    ; clk        ; -4.851 ; -4.851 ; Rise       ; clk             ;
;  A[17]    ; clk        ; -3.981 ; -3.981 ; Rise       ; clk             ;
;  A[18]    ; clk        ; -4.655 ; -4.655 ; Rise       ; clk             ;
;  A[19]    ; clk        ; -4.826 ; -4.826 ; Rise       ; clk             ;
;  A[20]    ; clk        ; -5.715 ; -5.715 ; Rise       ; clk             ;
;  A[21]    ; clk        ; -4.109 ; -4.109 ; Rise       ; clk             ;
;  A[22]    ; clk        ; -2.950 ; -2.950 ; Rise       ; clk             ;
;  A[23]    ; clk        ; -4.743 ; -4.743 ; Rise       ; clk             ;
;  A[24]    ; clk        ; -3.320 ; -3.320 ; Rise       ; clk             ;
;  A[25]    ; clk        ; -3.144 ; -3.144 ; Rise       ; clk             ;
;  A[26]    ; clk        ; -4.522 ; -4.522 ; Rise       ; clk             ;
;  A[27]    ; clk        ; -3.665 ; -3.665 ; Rise       ; clk             ;
;  A[28]    ; clk        ; -3.594 ; -3.594 ; Rise       ; clk             ;
;  A[29]    ; clk        ; -3.524 ; -3.524 ; Rise       ; clk             ;
;  A[30]    ; clk        ; -3.802 ; -3.802 ; Rise       ; clk             ;
;  A[31]    ; clk        ; -1.581 ; -1.581 ; Rise       ; clk             ;
; B[*]      ; clk        ; -1.640 ; -1.640 ; Rise       ; clk             ;
;  B[0]     ; clk        ; -1.640 ; -1.640 ; Rise       ; clk             ;
;  B[1]     ; clk        ; -4.564 ; -4.564 ; Rise       ; clk             ;
;  B[2]     ; clk        ; -3.815 ; -3.815 ; Rise       ; clk             ;
;  B[3]     ; clk        ; -3.803 ; -3.803 ; Rise       ; clk             ;
;  B[4]     ; clk        ; -4.661 ; -4.661 ; Rise       ; clk             ;
;  B[5]     ; clk        ; -3.926 ; -3.926 ; Rise       ; clk             ;
;  B[6]     ; clk        ; -2.919 ; -2.919 ; Rise       ; clk             ;
;  B[7]     ; clk        ; -3.025 ; -3.025 ; Rise       ; clk             ;
;  B[8]     ; clk        ; -2.753 ; -2.753 ; Rise       ; clk             ;
;  B[9]     ; clk        ; -4.308 ; -4.308 ; Rise       ; clk             ;
;  B[10]    ; clk        ; -3.485 ; -3.485 ; Rise       ; clk             ;
;  B[11]    ; clk        ; -2.682 ; -2.682 ; Rise       ; clk             ;
;  B[12]    ; clk        ; -4.547 ; -4.547 ; Rise       ; clk             ;
;  B[13]    ; clk        ; -3.403 ; -3.403 ; Rise       ; clk             ;
;  B[14]    ; clk        ; -2.669 ; -2.669 ; Rise       ; clk             ;
;  B[15]    ; clk        ; -4.734 ; -4.734 ; Rise       ; clk             ;
;  B[16]    ; clk        ; -3.197 ; -3.197 ; Rise       ; clk             ;
;  B[17]    ; clk        ; -3.755 ; -3.755 ; Rise       ; clk             ;
;  B[18]    ; clk        ; -3.078 ; -3.078 ; Rise       ; clk             ;
;  B[19]    ; clk        ; -3.542 ; -3.542 ; Rise       ; clk             ;
;  B[20]    ; clk        ; -3.927 ; -3.927 ; Rise       ; clk             ;
;  B[21]    ; clk        ; -3.928 ; -3.928 ; Rise       ; clk             ;
;  B[22]    ; clk        ; -3.415 ; -3.415 ; Rise       ; clk             ;
;  B[23]    ; clk        ; -3.406 ; -3.406 ; Rise       ; clk             ;
;  B[24]    ; clk        ; -1.709 ; -1.709 ; Rise       ; clk             ;
;  B[25]    ; clk        ; -3.071 ; -3.071 ; Rise       ; clk             ;
;  B[26]    ; clk        ; -2.955 ; -2.955 ; Rise       ; clk             ;
;  B[27]    ; clk        ; -3.793 ; -3.793 ; Rise       ; clk             ;
;  B[28]    ; clk        ; -3.610 ; -3.610 ; Rise       ; clk             ;
;  B[29]    ; clk        ; -4.425 ; -4.425 ; Rise       ; clk             ;
;  B[30]    ; clk        ; -3.675 ; -3.675 ; Rise       ; clk             ;
;  B[31]    ; clk        ; -2.651 ; -2.651 ; Rise       ; clk             ;
; MDControl ; clk        ; -1.888 ; -1.888 ; Rise       ; clk             ;
; load      ; clk        ; -2.326 ; -2.326 ; Rise       ; clk             ;
; reset     ; clk        ; -0.196 ; -0.196 ; Rise       ; clk             ;
; start     ; clk        ; -1.989 ; -1.989 ; Rise       ; clk             ;
+-----------+------------+--------+--------+------------+-----------------+


+-----------------------------------------------------------------------+
; Clock to Output Times                                                 ;
+-----------+------------+-------+-------+------------+-----------------+
; Data Port ; Clock Port ; Rise  ; Fall  ; Clock Edge ; Clock Reference ;
+-----------+------------+-------+-------+------------+-----------------+
; HI[*]     ; clk        ; 7.800 ; 7.800 ; Rise       ; clk             ;
;  HI[0]    ; clk        ; 7.054 ; 7.054 ; Rise       ; clk             ;
;  HI[1]    ; clk        ; 6.972 ; 6.972 ; Rise       ; clk             ;
;  HI[2]    ; clk        ; 7.015 ; 7.015 ; Rise       ; clk             ;
;  HI[3]    ; clk        ; 7.501 ; 7.501 ; Rise       ; clk             ;
;  HI[4]    ; clk        ; 7.435 ; 7.435 ; Rise       ; clk             ;
;  HI[5]    ; clk        ; 6.977 ; 6.977 ; Rise       ; clk             ;
;  HI[6]    ; clk        ; 7.008 ; 7.008 ; Rise       ; clk             ;
;  HI[7]    ; clk        ; 7.128 ; 7.128 ; Rise       ; clk             ;
;  HI[8]    ; clk        ; 7.042 ; 7.042 ; Rise       ; clk             ;
;  HI[9]    ; clk        ; 7.086 ; 7.086 ; Rise       ; clk             ;
;  HI[10]   ; clk        ; 7.000 ; 7.000 ; Rise       ; clk             ;
;  HI[11]   ; clk        ; 6.028 ; 6.028 ; Rise       ; clk             ;
;  HI[12]   ; clk        ; 6.983 ; 6.983 ; Rise       ; clk             ;
;  HI[13]   ; clk        ; 6.023 ; 6.023 ; Rise       ; clk             ;
;  HI[14]   ; clk        ; 6.028 ; 6.028 ; Rise       ; clk             ;
;  HI[15]   ; clk        ; 7.050 ; 7.050 ; Rise       ; clk             ;
;  HI[16]   ; clk        ; 7.708 ; 7.708 ; Rise       ; clk             ;
;  HI[17]   ; clk        ; 7.800 ; 7.800 ; Rise       ; clk             ;
;  HI[18]   ; clk        ; 6.023 ; 6.023 ; Rise       ; clk             ;
;  HI[19]   ; clk        ; 7.150 ; 7.150 ; Rise       ; clk             ;
;  HI[20]   ; clk        ; 6.915 ; 6.915 ; Rise       ; clk             ;
;  HI[21]   ; clk        ; 7.082 ; 7.082 ; Rise       ; clk             ;
;  HI[22]   ; clk        ; 6.028 ; 6.028 ; Rise       ; clk             ;
;  HI[23]   ; clk        ; 7.770 ; 7.770 ; Rise       ; clk             ;
;  HI[24]   ; clk        ; 6.982 ; 6.982 ; Rise       ; clk             ;
;  HI[25]   ; clk        ; 6.028 ; 6.028 ; Rise       ; clk             ;
;  HI[26]   ; clk        ; 6.980 ; 6.980 ; Rise       ; clk             ;
;  HI[27]   ; clk        ; 6.978 ; 6.978 ; Rise       ; clk             ;
;  HI[28]   ; clk        ; 7.037 ; 7.037 ; Rise       ; clk             ;
;  HI[29]   ; clk        ; 6.023 ; 6.023 ; Rise       ; clk             ;
;  HI[30]   ; clk        ; 7.165 ; 7.165 ; Rise       ; clk             ;
;  HI[31]   ; clk        ; 6.028 ; 6.028 ; Rise       ; clk             ;
; LO[*]     ; clk        ; 8.030 ; 8.030 ; Rise       ; clk             ;
;  LO[0]    ; clk        ; 7.004 ; 7.004 ; Rise       ; clk             ;
;  LO[1]    ; clk        ; 7.035 ; 7.035 ; Rise       ; clk             ;
;  LO[2]    ; clk        ; 6.957 ; 6.957 ; Rise       ; clk             ;
;  LO[3]    ; clk        ; 6.968 ; 6.968 ; Rise       ; clk             ;
;  LO[4]    ; clk        ; 8.030 ; 8.030 ; Rise       ; clk             ;
;  LO[5]    ; clk        ; 6.971 ; 6.971 ; Rise       ; clk             ;
;  LO[6]    ; clk        ; 6.971 ; 6.971 ; Rise       ; clk             ;
;  LO[7]    ; clk        ; 6.987 ; 6.987 ; Rise       ; clk             ;
;  LO[8]    ; clk        ; 6.971 ; 6.971 ; Rise       ; clk             ;
;  LO[9]    ; clk        ; 6.971 ; 6.971 ; Rise       ; clk             ;
;  LO[10]   ; clk        ; 7.407 ; 7.407 ; Rise       ; clk             ;
;  LO[11]   ; clk        ; 6.978 ; 6.978 ; Rise       ; clk             ;
;  LO[12]   ; clk        ; 6.972 ; 6.972 ; Rise       ; clk             ;
;  LO[13]   ; clk        ; 6.972 ; 6.972 ; Rise       ; clk             ;
;  LO[14]   ; clk        ; 7.089 ; 7.089 ; Rise       ; clk             ;
;  LO[15]   ; clk        ; 6.980 ; 6.980 ; Rise       ; clk             ;
;  LO[16]   ; clk        ; 7.039 ; 7.039 ; Rise       ; clk             ;
;  LO[17]   ; clk        ; 6.028 ; 6.028 ; Rise       ; clk             ;
;  LO[18]   ; clk        ; 7.371 ; 7.371 ; Rise       ; clk             ;
;  LO[19]   ; clk        ; 7.065 ; 7.065 ; Rise       ; clk             ;
;  LO[20]   ; clk        ; 7.380 ; 7.380 ; Rise       ; clk             ;
;  LO[21]   ; clk        ; 7.086 ; 7.086 ; Rise       ; clk             ;
;  LO[22]   ; clk        ; 6.978 ; 6.978 ; Rise       ; clk             ;
;  LO[23]   ; clk        ; 6.979 ; 6.979 ; Rise       ; clk             ;
;  LO[24]   ; clk        ; 6.023 ; 6.023 ; Rise       ; clk             ;
;  LO[25]   ; clk        ; 7.589 ; 7.589 ; Rise       ; clk             ;
;  LO[26]   ; clk        ; 7.406 ; 7.406 ; Rise       ; clk             ;
;  LO[27]   ; clk        ; 7.393 ; 7.393 ; Rise       ; clk             ;
;  LO[28]   ; clk        ; 6.028 ; 6.028 ; Rise       ; clk             ;
;  LO[29]   ; clk        ; 7.389 ; 7.389 ; Rise       ; clk             ;
;  LO[30]   ; clk        ; 7.928 ; 7.928 ; Rise       ; clk             ;
;  LO[31]   ; clk        ; 7.009 ; 7.009 ; Rise       ; clk             ;
+-----------+------------+-------+-------+------------+-----------------+


+-----------------------------------------------------------------------+
; Minimum Clock to Output Times                                         ;
+-----------+------------+-------+-------+------------+-----------------+
; Data Port ; Clock Port ; Rise  ; Fall  ; Clock Edge ; Clock Reference ;
+-----------+------------+-------+-------+------------+-----------------+
; HI[*]     ; clk        ; 6.023 ; 6.023 ; Rise       ; clk             ;
;  HI[0]    ; clk        ; 7.054 ; 7.054 ; Rise       ; clk             ;
;  HI[1]    ; clk        ; 6.972 ; 6.972 ; Rise       ; clk             ;
;  HI[2]    ; clk        ; 7.015 ; 7.015 ; Rise       ; clk             ;
;  HI[3]    ; clk        ; 7.501 ; 7.501 ; Rise       ; clk             ;
;  HI[4]    ; clk        ; 7.435 ; 7.435 ; Rise       ; clk             ;
;  HI[5]    ; clk        ; 6.977 ; 6.977 ; Rise       ; clk             ;
;  HI[6]    ; clk        ; 7.008 ; 7.008 ; Rise       ; clk             ;
;  HI[7]    ; clk        ; 7.128 ; 7.128 ; Rise       ; clk             ;
;  HI[8]    ; clk        ; 7.042 ; 7.042 ; Rise       ; clk             ;
;  HI[9]    ; clk        ; 7.086 ; 7.086 ; Rise       ; clk             ;
;  HI[10]   ; clk        ; 7.000 ; 7.000 ; Rise       ; clk             ;
;  HI[11]   ; clk        ; 6.028 ; 6.028 ; Rise       ; clk             ;
;  HI[12]   ; clk        ; 6.983 ; 6.983 ; Rise       ; clk             ;
;  HI[13]   ; clk        ; 6.023 ; 6.023 ; Rise       ; clk             ;
;  HI[14]   ; clk        ; 6.028 ; 6.028 ; Rise       ; clk             ;
;  HI[15]   ; clk        ; 7.050 ; 7.050 ; Rise       ; clk             ;
;  HI[16]   ; clk        ; 7.708 ; 7.708 ; Rise       ; clk             ;
;  HI[17]   ; clk        ; 7.800 ; 7.800 ; Rise       ; clk             ;
;  HI[18]   ; clk        ; 6.023 ; 6.023 ; Rise       ; clk             ;
;  HI[19]   ; clk        ; 7.150 ; 7.150 ; Rise       ; clk             ;
;  HI[20]   ; clk        ; 6.915 ; 6.915 ; Rise       ; clk             ;
;  HI[21]   ; clk        ; 7.082 ; 7.082 ; Rise       ; clk             ;
;  HI[22]   ; clk        ; 6.028 ; 6.028 ; Rise       ; clk             ;
;  HI[23]   ; clk        ; 7.770 ; 7.770 ; Rise       ; clk             ;
;  HI[24]   ; clk        ; 6.982 ; 6.982 ; Rise       ; clk             ;
;  HI[25]   ; clk        ; 6.028 ; 6.028 ; Rise       ; clk             ;
;  HI[26]   ; clk        ; 6.980 ; 6.980 ; Rise       ; clk             ;
;  HI[27]   ; clk        ; 6.978 ; 6.978 ; Rise       ; clk             ;
;  HI[28]   ; clk        ; 7.037 ; 7.037 ; Rise       ; clk             ;
;  HI[29]   ; clk        ; 6.023 ; 6.023 ; Rise       ; clk             ;
;  HI[30]   ; clk        ; 7.165 ; 7.165 ; Rise       ; clk             ;
;  HI[31]   ; clk        ; 6.028 ; 6.028 ; Rise       ; clk             ;
; LO[*]     ; clk        ; 6.023 ; 6.023 ; Rise       ; clk             ;
;  LO[0]    ; clk        ; 7.004 ; 7.004 ; Rise       ; clk             ;
;  LO[1]    ; clk        ; 7.035 ; 7.035 ; Rise       ; clk             ;
;  LO[2]    ; clk        ; 6.957 ; 6.957 ; Rise       ; clk             ;
;  LO[3]    ; clk        ; 6.968 ; 6.968 ; Rise       ; clk             ;
;  LO[4]    ; clk        ; 8.030 ; 8.030 ; Rise       ; clk             ;
;  LO[5]    ; clk        ; 6.971 ; 6.971 ; Rise       ; clk             ;
;  LO[6]    ; clk        ; 6.971 ; 6.971 ; Rise       ; clk             ;
;  LO[7]    ; clk        ; 6.987 ; 6.987 ; Rise       ; clk             ;
;  LO[8]    ; clk        ; 6.971 ; 6.971 ; Rise       ; clk             ;
;  LO[9]    ; clk        ; 6.971 ; 6.971 ; Rise       ; clk             ;
;  LO[10]   ; clk        ; 7.407 ; 7.407 ; Rise       ; clk             ;
;  LO[11]   ; clk        ; 6.978 ; 6.978 ; Rise       ; clk             ;
;  LO[12]   ; clk        ; 6.972 ; 6.972 ; Rise       ; clk             ;
;  LO[13]   ; clk        ; 6.972 ; 6.972 ; Rise       ; clk             ;
;  LO[14]   ; clk        ; 7.089 ; 7.089 ; Rise       ; clk             ;
;  LO[15]   ; clk        ; 6.980 ; 6.980 ; Rise       ; clk             ;
;  LO[16]   ; clk        ; 7.039 ; 7.039 ; Rise       ; clk             ;
;  LO[17]   ; clk        ; 6.028 ; 6.028 ; Rise       ; clk             ;
;  LO[18]   ; clk        ; 7.371 ; 7.371 ; Rise       ; clk             ;
;  LO[19]   ; clk        ; 7.065 ; 7.065 ; Rise       ; clk             ;
;  LO[20]   ; clk        ; 7.380 ; 7.380 ; Rise       ; clk             ;
;  LO[21]   ; clk        ; 7.086 ; 7.086 ; Rise       ; clk             ;
;  LO[22]   ; clk        ; 6.978 ; 6.978 ; Rise       ; clk             ;
;  LO[23]   ; clk        ; 6.979 ; 6.979 ; Rise       ; clk             ;
;  LO[24]   ; clk        ; 6.023 ; 6.023 ; Rise       ; clk             ;
;  LO[25]   ; clk        ; 7.589 ; 7.589 ; Rise       ; clk             ;
;  LO[26]   ; clk        ; 7.406 ; 7.406 ; Rise       ; clk             ;
;  LO[27]   ; clk        ; 7.393 ; 7.393 ; Rise       ; clk             ;
;  LO[28]   ; clk        ; 6.028 ; 6.028 ; Rise       ; clk             ;
;  LO[29]   ; clk        ; 7.389 ; 7.389 ; Rise       ; clk             ;
;  LO[30]   ; clk        ; 7.928 ; 7.928 ; Rise       ; clk             ;
;  LO[31]   ; clk        ; 7.009 ; 7.009 ; Rise       ; clk             ;
+-----------+------------+-------+-------+------------+-----------------+


+-------------------------------------------------------------------+
; Setup Transfers                                                   ;
+------------+----------+----------+----------+----------+----------+
; From Clock ; To Clock ; RR Paths ; FR Paths ; RF Paths ; FF Paths ;
+------------+----------+----------+----------+----------+----------+
; clk        ; clk      ; 333518   ; 0        ; 0        ; 0        ;
+------------+----------+----------+----------+----------+----------+
Entries labeled "false path" only account for clock-to-clock false paths and not path-based false paths. As a result, actual path counts may be lower than reported.


+-------------------------------------------------------------------+
; Hold Transfers                                                    ;
+------------+----------+----------+----------+----------+----------+
; From Clock ; To Clock ; RR Paths ; FR Paths ; RF Paths ; FF Paths ;
+------------+----------+----------+----------+----------+----------+
; clk        ; clk      ; 333518   ; 0        ; 0        ; 0        ;
+------------+----------+----------+----------+----------+----------+
Entries labeled "false path" only account for clock-to-clock false paths and not path-based false paths. As a result, actual path counts may be lower than reported.


---------------
; Report TCCS ;
---------------
No dedicated SERDES Transmitter circuitry present in device or used in design


---------------
; Report RSKM ;
---------------
No non-DPA dedicated SERDES Receiver circuitry present in device or used in design


+------------------------------------------------+
; Unconstrained Paths                            ;
+---------------------------------+-------+------+
; Property                        ; Setup ; Hold ;
+---------------------------------+-------+------+
; Illegal Clocks                  ; 0     ; 0    ;
; Unconstrained Clocks            ; 0     ; 0    ;
; Unconstrained Input Ports       ; 68    ; 68   ;
; Unconstrained Input Port Paths  ; 6604  ; 6604 ;
; Unconstrained Output Ports      ; 64    ; 64   ;
; Unconstrained Output Port Paths ; 64    ; 64   ;
+---------------------------------+-------+------+


+------------------------------------+
; TimeQuest Timing Analyzer Messages ;
+------------------------------------+
Info: *******************************************************************
Info: Running Quartus II 64-Bit TimeQuest Timing Analyzer
    Info: Version 13.1.0 Build 162 10/23/2013 SJ Web Edition
    Info: Processing started: Thu May 18 23:47:54 2017
Info: Command: quartus_sta uc -c uc
Info: qsta_default_script.tcl version: #1
Warning (20028): Parallel compilation is not licensed and has been disabled
Info (306004): Started post-fitting delay annotation
Info (306005): Delay annotation completed successfully
Critical Warning (332012): Synopsys Design Constraints File file not found: 'uc.sdc'. A Synopsys Design Constraints File is required by the TimeQuest Timing Analyzer to get proper timing constraints. Without it, the Compiler will not properly optimize the design.
Info (332142): No user constrained base clocks found in the design. Calling "derive_clocks -period 1.0"
Info (332105): Deriving Clocks
    Info (332105): create_clock -period 1.000 -name clk clk
Info: Found TIMEQUEST_REPORT_SCRIPT_INCLUDE_DEFAULT_ANALYSIS = ON
Critical Warning (332148): Timing requirements not met
Info (332146): Worst-case setup slack is -13.523
    Info (332119):     Slack       End Point TNS Clock 
    Info (332119): ========= =================== =====================
    Info (332119):   -13.523           -3741.891 clk 
Info (332146): Worst-case hold slack is 1.130
    Info (332119):     Slack       End Point TNS Clock 
    Info (332119): ========= =================== =====================
    Info (332119):     1.130               0.000 clk 
Info (332140): No Recovery paths to report
Info (332140): No Removal paths to report
Info (332146): Worst-case minimum pulse width slack is -2.289
    Info (332119):     Slack       End Point TNS Clock 
    Info (332119): ========= =================== =====================
    Info (332119):    -2.289              -2.289 clk 
Info (332001): The selected device family is not supported by the report_metastability command.
Info (332102): Design is not fully constrained for setup requirements
Info (332102): Design is not fully constrained for hold requirements
Info: Quartus II 64-Bit TimeQuest Timing Analyzer was successful. 0 errors, 3 warnings
    Info: Peak virtual memory: 558 megabytes
    Info: Processing ended: Thu May 18 23:47:57 2017
    Info: Elapsed time: 00:00:03
    Info: Total CPU time (on all processors): 00:00:03


