------------------------------------------------------------
TimeQuest Timing Analyzer Summary
------------------------------------------------------------

Type  : Slow 1100mV 85C Model Setup 'clk'
Slack : -4.809
TNS   : -4499.952

Type  : Slow 1100mV 85C Model Setup 'uControl:uc|PCSrc[0]'
Slack : -4.318
TNS   : -117.242

Type  : Slow 1100mV 85C Model Setup 'uControl:uc|DataSrc[0]'
Slack : -4.283
TNS   : -62.024

Type  : Slow 1100mV 85C Model Setup 'uControl:uc|LSCtrl[0]'
Slack : -1.709
TNS   : -1.709

Type  : Slow 1100mV 85C Model Setup 'uControl:uc|ALUSrcA[0]'
Slack : -1.146
TNS   : -27.297

Type  : Slow 1100mV 85C Model Setup 'uControl:uc|SSCtrl[0]'
Slack : -0.397
TNS   : -5.938

Type  : Slow 1100mV 85C Model Setup 'uControl:uc|ExcptCtrl[0]'
Slack : 0.124
TNS   : 0.000

Type  : Slow 1100mV 85C Model Hold 'uControl:uc|DataSrc[0]'
Slack : -1.279
TNS   : -36.921

Type  : Slow 1100mV 85C Model Hold 'uControl:uc|PCSrc[0]'
Slack : -0.542
TNS   : -8.827

Type  : Slow 1100mV 85C Model Hold 'uControl:uc|ALUSrcA[0]'
Slack : -0.412
TNS   : -6.567

Type  : Slow 1100mV 85C Model Hold 'uControl:uc|SSCtrl[0]'
Slack : -0.246
TNS   : -1.317

Type  : Slow 1100mV 85C Model Hold 'clk'
Slack : -0.075
TNS   : -0.075

Type  : Slow 1100mV 85C Model Hold 'uControl:uc|ExcptCtrl[0]'
Slack : -0.002
TNS   : -0.002

Type  : Slow 1100mV 85C Model Hold 'uControl:uc|LSCtrl[0]'
Slack : 2.128
TNS   : 0.000

Type  : Slow 1100mV 85C Model Minimum Pulse Width 'clk'
Slack : -0.769
TNS   : -1866.698

Type  : Slow 1100mV 85C Model Minimum Pulse Width 'uControl:uc|SSCtrl[0]'
Slack : 0.319
TNS   : 0.000

Type  : Slow 1100mV 85C Model Minimum Pulse Width 'uControl:uc|DataSrc[0]'
Slack : 0.368
TNS   : 0.000

Type  : Slow 1100mV 85C Model Minimum Pulse Width 'uControl:uc|PCSrc[0]'
Slack : 0.412
TNS   : 0.000

Type  : Slow 1100mV 85C Model Minimum Pulse Width 'uControl:uc|ALUSrcA[0]'
Slack : 0.433
TNS   : 0.000

Type  : Slow 1100mV 85C Model Minimum Pulse Width 'uControl:uc|ExcptCtrl[0]'
Slack : 0.481
TNS   : 0.000

Type  : Slow 1100mV 85C Model Minimum Pulse Width 'uControl:uc|LSCtrl[0]'
Slack : 0.484
TNS   : 0.000

Type  : Slow 1100mV 0C Model Setup 'clk'
Slack : -4.306
TNS   : -4029.689

Type  : Slow 1100mV 0C Model Setup 'uControl:uc|PCSrc[0]'
Slack : -3.928
TNS   : -106.668

Type  : Slow 1100mV 0C Model Setup 'uControl:uc|DataSrc[0]'
Slack : -3.829
TNS   : -55.920

Type  : Slow 1100mV 0C Model Setup 'uControl:uc|LSCtrl[0]'
Slack : -1.499
TNS   : -1.499

Type  : Slow 1100mV 0C Model Setup 'uControl:uc|ALUSrcA[0]'
Slack : -1.039
TNS   : -24.694

Type  : Slow 1100mV 0C Model Setup 'uControl:uc|SSCtrl[0]'
Slack : -0.421
TNS   : -4.641

Type  : Slow 1100mV 0C Model Setup 'uControl:uc|ExcptCtrl[0]'
Slack : 0.157
TNS   : 0.000

Type  : Slow 1100mV 0C Model Hold 'uControl:uc|DataSrc[0]'
Slack : -1.184
TNS   : -33.907

Type  : Slow 1100mV 0C Model Hold 'uControl:uc|PCSrc[0]'
Slack : -0.438
TNS   : -5.646

Type  : Slow 1100mV 0C Model Hold 'uControl:uc|ALUSrcA[0]'
Slack : -0.364
TNS   : -4.888

Type  : Slow 1100mV 0C Model Hold 'uControl:uc|SSCtrl[0]'
Slack : -0.194
TNS   : -0.972

Type  : Slow 1100mV 0C Model Hold 'clk'
Slack : -0.040
TNS   : -0.040

Type  : Slow 1100mV 0C Model Hold 'uControl:uc|ExcptCtrl[0]'
Slack : -0.008
TNS   : -0.008

Type  : Slow 1100mV 0C Model Hold 'uControl:uc|LSCtrl[0]'
Slack : 1.973
TNS   : 0.000

Type  : Slow 1100mV 0C Model Minimum Pulse Width 'clk'
Slack : -0.769
TNS   : -1867.370

Type  : Slow 1100mV 0C Model Minimum Pulse Width 'uControl:uc|SSCtrl[0]'
Slack : 0.320
TNS   : 0.000

Type  : Slow 1100mV 0C Model Minimum Pulse Width 'uControl:uc|PCSrc[0]'
Slack : 0.358
TNS   : 0.000

Type  : Slow 1100mV 0C Model Minimum Pulse Width 'uControl:uc|DataSrc[0]'
Slack : 0.367
TNS   : 0.000

Type  : Slow 1100mV 0C Model Minimum Pulse Width 'uControl:uc|ALUSrcA[0]'
Slack : 0.420
TNS   : 0.000

Type  : Slow 1100mV 0C Model Minimum Pulse Width 'uControl:uc|ExcptCtrl[0]'
Slack : 0.479
TNS   : 0.000

Type  : Slow 1100mV 0C Model Minimum Pulse Width 'uControl:uc|LSCtrl[0]'
Slack : 0.487
TNS   : 0.000

Type  : Fast 1100mV 0C Model Setup 'clk'
Slack : -3.074
TNS   : -2652.823

Type  : Fast 1100mV 0C Model Setup 'uControl:uc|PCSrc[0]'
Slack : -2.550
TNS   : -66.824

Type  : Fast 1100mV 0C Model Setup 'uControl:uc|DataSrc[0]'
Slack : -2.436
TNS   : -32.857

Type  : Fast 1100mV 0C Model Setup 'uControl:uc|LSCtrl[0]'
Slack : -0.893
TNS   : -0.893

Type  : Fast 1100mV 0C Model Setup 'uControl:uc|ALUSrcA[0]'
Slack : -0.479
TNS   : -10.379

Type  : Fast 1100mV 0C Model Setup 'uControl:uc|SSCtrl[0]'
Slack : -0.216
TNS   : -0.864

Type  : Fast 1100mV 0C Model Setup 'uControl:uc|ExcptCtrl[0]'
Slack : 0.275
TNS   : 0.000

Type  : Fast 1100mV 0C Model Hold 'uControl:uc|DataSrc[0]'
Slack : -0.908
TNS   : -26.480

Type  : Fast 1100mV 0C Model Hold 'uControl:uc|PCSrc[0]'
Slack : -0.305
TNS   : -3.890

Type  : Fast 1100mV 0C Model Hold 'uControl:uc|ALUSrcA[0]'
Slack : -0.234
TNS   : -1.608

Type  : Fast 1100mV 0C Model Hold 'uControl:uc|SSCtrl[0]'
Slack : -0.056
TNS   : -0.160

Type  : Fast 1100mV 0C Model Hold 'uControl:uc|ExcptCtrl[0]'
Slack : -0.015
TNS   : -0.015

Type  : Fast 1100mV 0C Model Hold 'clk'
Slack : 0.009
TNS   : 0.000

Type  : Fast 1100mV 0C Model Hold 'uControl:uc|LSCtrl[0]'
Slack : 1.507
TNS   : 0.000

Type  : Fast 1100mV 0C Model Minimum Pulse Width 'clk'
Slack : -0.354
TNS   : -1139.887

Type  : Fast 1100mV 0C Model Minimum Pulse Width 'uControl:uc|SSCtrl[0]'
Slack : 0.396
TNS   : 0.000

Type  : Fast 1100mV 0C Model Minimum Pulse Width 'uControl:uc|DataSrc[0]'
Slack : 0.406
TNS   : 0.000

Type  : Fast 1100mV 0C Model Minimum Pulse Width 'uControl:uc|ALUSrcA[0]'
Slack : 0.433
TNS   : 0.000

Type  : Fast 1100mV 0C Model Minimum Pulse Width 'uControl:uc|PCSrc[0]'
Slack : 0.436
TNS   : 0.000

Type  : Fast 1100mV 0C Model Minimum Pulse Width 'uControl:uc|LSCtrl[0]'
Slack : 0.486
TNS   : 0.000

Type  : Fast 1100mV 0C Model Minimum Pulse Width 'uControl:uc|ExcptCtrl[0]'
Slack : 0.491
TNS   : 0.000

------------------------------------------------------------
